<?xml version="1.0" encoding="ISO-8859-1" ?>
<link_info>
   <banner>TMS320C2000 Linker PC v22.6.1.LTS</banner>
   <copyright>Copyright (c) 1996-2018 Texas Instruments Incorporated</copyright>
   <link_time>0x67860f23</link_time>
   <link_errors>0x0</link_errors>
   <output_file>TMS39C.out</output_file>
   <entry_point>
      <name>_c_int00</name>
      <address>0x80bf</address>
   </entry_point>
   <input_file_list>
      <input_file id="fl-2">
         <path>.\</path>
         <kind>object</kind>
         <file>main.obj</file>
         <name>main.obj</name>
      </input_file>
      <input_file id="fl-3">
         <path>.\BSP\src\</path>
         <kind>object</kind>
         <file>adc.obj</file>
         <name>adc.obj</name>
      </input_file>
      <input_file id="fl-4">
         <path>.\BSP\src\</path>
         <kind>object</kind>
         <file>aes.obj</file>
         <name>aes.obj</name>
      </input_file>
      <input_file id="fl-5">
         <path>.\BSP\src\</path>
         <kind>object</kind>
         <file>asysctl.obj</file>
         <name>asysctl.obj</name>
      </input_file>
      <input_file id="fl-6">
         <path>.\BSP\src\</path>
         <kind>object</kind>
         <file>bgcrc.obj</file>
         <name>bgcrc.obj</name>
      </input_file>
      <input_file id="fl-7">
         <path>.\BSP\src\</path>
         <kind>object</kind>
         <file>can.obj</file>
         <name>can.obj</name>
      </input_file>
      <input_file id="fl-8">
         <path>.\BSP\src\</path>
         <kind>object</kind>
         <file>cla.obj</file>
         <name>cla.obj</name>
      </input_file>
      <input_file id="fl-9">
         <path>.\BSP\src\</path>
         <kind>object</kind>
         <file>clb.obj</file>
         <name>clb.obj</name>
      </input_file>
      <input_file id="fl-a">
         <path>.\BSP\src\</path>
         <kind>object</kind>
         <file>cmpss.obj</file>
         <name>cmpss.obj</name>
      </input_file>
      <input_file id="fl-b">
         <path>.\BSP\src\</path>
         <kind>object</kind>
         <file>cputimer.obj</file>
         <name>cputimer.obj</name>
      </input_file>
      <input_file id="fl-c">
         <path>.\BSP\src\</path>
         <kind>object</kind>
         <file>dac.obj</file>
         <name>dac.obj</name>
      </input_file>
      <input_file id="fl-d">
         <path>.\BSP\src\</path>
         <kind>object</kind>
         <file>dcc.obj</file>
         <name>dcc.obj</name>
      </input_file>
      <input_file id="fl-e">
         <path>.\BSP\src\</path>
         <kind>object</kind>
         <file>dcsm.obj</file>
         <name>dcsm.obj</name>
      </input_file>
      <input_file id="fl-f">
         <path>.\BSP\src\</path>
         <kind>object</kind>
         <file>device.obj</file>
         <name>device.obj</name>
      </input_file>
      <input_file id="fl-10">
         <path>.\BSP\src\</path>
         <kind>object</kind>
         <file>dma.obj</file>
         <name>dma.obj</name>
      </input_file>
      <input_file id="fl-11">
         <path>.\BSP\src\</path>
         <kind>object</kind>
         <file>ecap.obj</file>
         <name>ecap.obj</name>
      </input_file>
      <input_file id="fl-12">
         <path>.\BSP\src\</path>
         <kind>object</kind>
         <file>epg.obj</file>
         <name>epg.obj</name>
      </input_file>
      <input_file id="fl-13">
         <path>.\BSP\src\</path>
         <kind>object</kind>
         <file>epwm.obj</file>
         <name>epwm.obj</name>
      </input_file>
      <input_file id="fl-14">
         <path>.\BSP\src\</path>
         <kind>object</kind>
         <file>eqep.obj</file>
         <name>eqep.obj</name>
      </input_file>
      <input_file id="fl-15">
         <path>.\BSP\src\</path>
         <kind>object</kind>
         <file>erad.obj</file>
         <name>erad.obj</name>
      </input_file>
      <input_file id="fl-16">
         <path>.\BSP\src\</path>
         <kind>object</kind>
         <file>f28003x_adc.obj</file>
         <name>f28003x_adc.obj</name>
      </input_file>
      <input_file id="fl-17">
         <path>.\BSP\src\</path>
         <kind>object</kind>
         <file>f28003x_codestartbranch.obj</file>
         <name>f28003x_codestartbranch.obj</name>
      </input_file>
      <input_file id="fl-18">
         <path>.\BSP\src\</path>
         <kind>object</kind>
         <file>f28003x_cputimers.obj</file>
         <name>f28003x_cputimers.obj</name>
      </input_file>
      <input_file id="fl-19">
         <path>.\BSP\src\</path>
         <kind>object</kind>
         <file>f28003x_dbgier.obj</file>
         <name>f28003x_dbgier.obj</name>
      </input_file>
      <input_file id="fl-1a">
         <path>.\BSP\src\</path>
         <kind>object</kind>
         <file>f28003x_defaultisr.obj</file>
         <name>f28003x_defaultisr.obj</name>
      </input_file>
      <input_file id="fl-1b">
         <path>.\BSP\src\</path>
         <kind>object</kind>
         <file>f28003x_dma.obj</file>
         <name>f28003x_dma.obj</name>
      </input_file>
      <input_file id="fl-1c">
         <path>.\BSP\src\</path>
         <kind>object</kind>
         <file>f28003x_epwm.obj</file>
         <name>f28003x_epwm.obj</name>
      </input_file>
      <input_file id="fl-1d">
         <path>.\BSP\src\</path>
         <kind>object</kind>
         <file>f28003x_globalvariabledefs.obj</file>
         <name>f28003x_globalvariabledefs.obj</name>
      </input_file>
      <input_file id="fl-1e">
         <path>.\BSP\src\</path>
         <kind>object</kind>
         <file>f28003x_gpio.obj</file>
         <name>f28003x_gpio.obj</name>
      </input_file>
      <input_file id="fl-1f">
         <path>.\BSP\src\</path>
         <kind>object</kind>
         <file>f28003x_piectrl.obj</file>
         <name>f28003x_piectrl.obj</name>
      </input_file>
      <input_file id="fl-20">
         <path>.\BSP\src\</path>
         <kind>object</kind>
         <file>f28003x_pievect.obj</file>
         <name>f28003x_pievect.obj</name>
      </input_file>
      <input_file id="fl-21">
         <path>.\BSP\src\</path>
         <kind>object</kind>
         <file>f28003x_spi.obj</file>
         <name>f28003x_spi.obj</name>
      </input_file>
      <input_file id="fl-22">
         <path>.\BSP\src\</path>
         <kind>object</kind>
         <file>f28003x_sysctrl.obj</file>
         <name>f28003x_sysctrl.obj</name>
      </input_file>
      <input_file id="fl-23">
         <path>.\BSP\src\</path>
         <kind>object</kind>
         <file>f28003x_tempsensorconv.obj</file>
         <name>f28003x_tempsensorconv.obj</name>
      </input_file>
      <input_file id="fl-24">
         <path>.\BSP\src\</path>
         <kind>object</kind>
         <file>f28003x_usdelay.obj</file>
         <name>f28003x_usdelay.obj</name>
      </input_file>
      <input_file id="fl-25">
         <path>.\BSP\src\</path>
         <kind>object</kind>
         <file>flash.obj</file>
         <name>flash.obj</name>
      </input_file>
      <input_file id="fl-26">
         <path>.\BSP\src\</path>
         <kind>object</kind>
         <file>fsi.obj</file>
         <name>fsi.obj</name>
      </input_file>
      <input_file id="fl-27">
         <path>.\BSP\src\</path>
         <kind>object</kind>
         <file>gpio.obj</file>
         <name>gpio.obj</name>
      </input_file>
      <input_file id="fl-28">
         <path>.\BSP\src\</path>
         <kind>object</kind>
         <file>hic.obj</file>
         <name>hic.obj</name>
      </input_file>
      <input_file id="fl-29">
         <path>.\BSP\src\</path>
         <kind>object</kind>
         <file>hrcap.obj</file>
         <name>hrcap.obj</name>
      </input_file>
      <input_file id="fl-2a">
         <path>.\BSP\src\</path>
         <kind>object</kind>
         <file>hrpwm.obj</file>
         <name>hrpwm.obj</name>
      </input_file>
      <input_file id="fl-2b">
         <path>.\BSP\src\</path>
         <kind>object</kind>
         <file>i2c.obj</file>
         <name>i2c.obj</name>
      </input_file>
      <input_file id="fl-2c">
         <path>.\BSP\src\</path>
         <kind>object</kind>
         <file>interrupt.obj</file>
         <name>interrupt.obj</name>
      </input_file>
      <input_file id="fl-2d">
         <path>.\BSP\src\</path>
         <kind>object</kind>
         <file>lin.obj</file>
         <name>lin.obj</name>
      </input_file>
      <input_file id="fl-2e">
         <path>.\BSP\src\</path>
         <kind>object</kind>
         <file>mcan.obj</file>
         <name>mcan.obj</name>
      </input_file>
      <input_file id="fl-2f">
         <path>.\BSP\src\</path>
         <kind>object</kind>
         <file>memcfg.obj</file>
         <name>memcfg.obj</name>
      </input_file>
      <input_file id="fl-30">
         <path>.\BSP\src\</path>
         <kind>object</kind>
         <file>pmbus.obj</file>
         <name>pmbus.obj</name>
      </input_file>
      <input_file id="fl-31">
         <path>.\BSP\src\</path>
         <kind>object</kind>
         <file>sci.obj</file>
         <name>sci.obj</name>
      </input_file>
      <input_file id="fl-32">
         <path>.\BSP\src\</path>
         <kind>object</kind>
         <file>sdfm.obj</file>
         <name>sdfm.obj</name>
      </input_file>
      <input_file id="fl-33">
         <path>.\BSP\src\</path>
         <kind>object</kind>
         <file>spi.obj</file>
         <name>spi.obj</name>
      </input_file>
      <input_file id="fl-34">
         <path>.\BSP\src\</path>
         <kind>object</kind>
         <file>sysctl.obj</file>
         <name>sysctl.obj</name>
      </input_file>
      <input_file id="fl-35">
         <path>.\BSP\src\</path>
         <kind>object</kind>
         <file>version.obj</file>
         <name>version.obj</name>
      </input_file>
      <input_file id="fl-36">
         <path>.\BSP\src\</path>
         <kind>object</kind>
         <file>xbar.obj</file>
         <name>xbar.obj</name>
      </input_file>
      <input_file id="fl-40">
         <kind>object</kind>
         <file>&lt;internal&gt;</file>
         <name>&lt;internal&gt;</name>
      </input_file>
      <input_file id="fl-41">
         <path>..\library\</path>
         <kind>archive</kind>
         <file>rts2800_fpu32_eabi.lib</file>
         <name>boot28.asm.obj</name>
      </input_file>
      <input_file id="fl-42">
         <path>..\library\</path>
         <kind>archive</kind>
         <file>rts2800_fpu32_eabi.lib</file>
         <name>fs_div28.asm.obj</name>
      </input_file>
      <input_file id="fl-43">
         <path>..\library\</path>
         <kind>archive</kind>
         <file>rts2800_fpu32_eabi.lib</file>
         <name>ll_cmp28.asm.obj</name>
      </input_file>
      <input_file id="fl-44">
         <path>..\library\</path>
         <kind>archive</kind>
         <file>rts2800_fpu32_eabi.lib</file>
         <name>l_div28.asm.obj</name>
      </input_file>
      <input_file id="fl-45">
         <path>..\library\</path>
         <kind>archive</kind>
         <file>rts2800_fpu32_eabi.lib</file>
         <name>pre_init.c.obj</name>
      </input_file>
      <input_file id="fl-46">
         <path>..\library\</path>
         <kind>archive</kind>
         <file>rts2800_fpu32_eabi.lib</file>
         <name>autoinit.c.obj</name>
      </input_file>
      <input_file id="fl-47">
         <path>..\library\</path>
         <kind>archive</kind>
         <file>rts2800_fpu32_eabi.lib</file>
         <name>copy_zero_init.c.obj</name>
      </input_file>
      <input_file id="fl-48">
         <path>..\library\</path>
         <kind>archive</kind>
         <file>rts2800_fpu32_eabi.lib</file>
         <name>copy_decompress_none.c.obj</name>
      </input_file>
      <input_file id="fl-49">
         <path>..\library\</path>
         <kind>archive</kind>
         <file>rts2800_fpu32_eabi.lib</file>
         <name>copy_decompress_lzss.c.obj</name>
      </input_file>
      <input_file id="fl-4a">
         <path>..\library\</path>
         <kind>archive</kind>
         <file>rts2800_fpu32_eabi.lib</file>
         <name>exit.c.obj</name>
      </input_file>
      <input_file id="fl-4b">
         <path>..\library\</path>
         <kind>archive</kind>
         <file>rts2800_fpu32_eabi.lib</file>
         <name>_lock.c.obj</name>
      </input_file>
      <input_file id="fl-4c">
         <path>..\library\</path>
         <kind>archive</kind>
         <file>rts2800_fpu32_eabi.lib</file>
         <name>args_main.c.obj</name>
      </input_file>
      <input_file id="fl-4d">
         <path>..\library\</path>
         <kind>archive</kind>
         <file>rts2800_fpu32_eabi.lib</file>
         <name>memset.c.obj</name>
      </input_file>
      <input_file id="fl-4e">
         <path>..\library\</path>
         <kind>archive</kind>
         <file>rts2800_fpu32_eabi.lib</file>
         <name>cpy_tbl.c.obj</name>
      </input_file>
      <input_file id="fl-4f">
         <path>..\library\</path>
         <kind>archive</kind>
         <file>rts2800_fpu32_eabi.lib</file>
         <name>memcpy.c.obj</name>
      </input_file>
      <input_file id="fl-50">
         <path>..\library\</path>
         <kind>archive</kind>
         <file>rts2800_fpu32_eabi.lib</file>
         <name>startup.c.obj</name>
      </input_file>
   </input_file_list>
   <object_component_list>
      <object_component id="oc-27">
         <name>codestart</name>
         <load_address>0x0</load_address>
         <run_address>0x0</run_address>
         <size>0x2</size>
         <input_file_ref idref="fl-17"/>
      </object_component>
      <object_component id="oc-15">
         <name>.text:decompress:lzss</name>
         <load_address>0x8000</load_address>
         <run_address>0x8000</run_address>
         <size>0x30</size>
         <input_file_ref idref="fl-49"/>
      </object_component>
      <object_component id="oc-453">
         <name>.text:__TI_auto_init_nobinit_nopinit</name>
         <load_address>0x8030</load_address>
         <run_address>0x8030</run_address>
         <size>0x2b</size>
         <input_file_ref idref="fl-46"/>
      </object_component>
      <object_component id="oc-3a1">
         <name>.text</name>
         <load_address>0x805b</load_address>
         <run_address>0x805b</run_address>
         <size>0x29</size>
         <input_file_ref idref="fl-4a"/>
      </object_component>
      <object_component id="oc-366">
         <name>.text:Interrupt_initVectorTable</name>
         <load_address>0x8084</load_address>
         <run_address>0x8084</run_address>
         <size>0x1e</size>
         <input_file_ref idref="fl-2c"/>
      </object_component>
      <object_component id="oc-380">
         <name>.text</name>
         <load_address>0x80a2</load_address>
         <run_address>0x80a2</run_address>
         <size>0x1d</size>
         <input_file_ref idref="fl-4f"/>
      </object_component>
      <object_component id="oc-22">
         <name>.text</name>
         <load_address>0x80bf</load_address>
         <run_address>0x80bf</run_address>
         <size>0x17</size>
         <input_file_ref idref="fl-41"/>
      </object_component>
      <object_component id="oc-365">
         <name>.text:Interrupt_defaultHandler</name>
         <load_address>0x80d6</load_address>
         <run_address>0x80d6</run_address>
         <size>0x16</size>
         <input_file_ref idref="fl-2c"/>
      </object_component>
      <object_component id="oc-359">
         <name>.text:EMPTY_ISR</name>
         <load_address>0x80ec</load_address>
         <run_address>0x80ec</run_address>
         <size>0xd</size>
         <input_file_ref idref="fl-1a"/>
      </object_component>
      <object_component id="oc-39b">
         <name>.text</name>
         <load_address>0x80f9</load_address>
         <run_address>0x80f9</run_address>
         <size>0xc</size>
         <input_file_ref idref="fl-4c"/>
      </object_component>
      <object_component id="oc-a1">
         <name>.text:ADCA1_ISR</name>
         <load_address>0x8105</load_address>
         <run_address>0x8105</run_address>
         <size>0xa</size>
         <input_file_ref idref="fl-1a"/>
      </object_component>
      <object_component id="oc-1df">
         <name>.text:ADCA2_ISR</name>
         <load_address>0x810f</load_address>
         <run_address>0x810f</run_address>
         <size>0xa</size>
         <input_file_ref idref="fl-1a"/>
      </object_component>
      <object_component id="oc-1e5">
         <name>.text:ADCA3_ISR</name>
         <load_address>0x8119</load_address>
         <run_address>0x8119</run_address>
         <size>0xa</size>
         <input_file_ref idref="fl-1a"/>
      </object_component>
      <object_component id="oc-1eb">
         <name>.text:ADCA4_ISR</name>
         <load_address>0x8123</load_address>
         <run_address>0x8123</run_address>
         <size>0xa</size>
         <input_file_ref idref="fl-1a"/>
      </object_component>
      <object_component id="oc-1d9">
         <name>.text:ADCA_EVT_ISR</name>
         <load_address>0x812d</load_address>
         <run_address>0x812d</run_address>
         <size>0xa</size>
         <input_file_ref idref="fl-1a"/>
      </object_component>
      <object_component id="oc-a7">
         <name>.text:ADCB1_ISR</name>
         <load_address>0x8137</load_address>
         <run_address>0x8137</run_address>
         <size>0xa</size>
         <input_file_ref idref="fl-1a"/>
      </object_component>
      <object_component id="oc-1f7">
         <name>.text:ADCB2_ISR</name>
         <load_address>0x8141</load_address>
         <run_address>0x8141</run_address>
         <size>0xa</size>
         <input_file_ref idref="fl-1a"/>
      </object_component>
      <object_component id="oc-1fd">
         <name>.text:ADCB3_ISR</name>
         <load_address>0x814b</load_address>
         <run_address>0x814b</run_address>
         <size>0xa</size>
         <input_file_ref idref="fl-1a"/>
      </object_component>
      <object_component id="oc-203">
         <name>.text:ADCB4_ISR</name>
         <load_address>0x8155</load_address>
         <run_address>0x8155</run_address>
         <size>0xa</size>
         <input_file_ref idref="fl-1a"/>
      </object_component>
      <object_component id="oc-1f1">
         <name>.text:ADCB_EVT_ISR</name>
         <load_address>0x815f</load_address>
         <run_address>0x815f</run_address>
         <size>0xa</size>
         <input_file_ref idref="fl-1a"/>
      </object_component>
      <object_component id="oc-ad">
         <name>.text:ADCC1_ISR</name>
         <load_address>0x8169</load_address>
         <run_address>0x8169</run_address>
         <size>0xa</size>
         <input_file_ref idref="fl-1a"/>
      </object_component>
      <object_component id="oc-317">
         <name>.text:ADCC2_ISR</name>
         <load_address>0x8173</load_address>
         <run_address>0x8173</run_address>
         <size>0xa</size>
         <input_file_ref idref="fl-1a"/>
      </object_component>
      <object_component id="oc-31d">
         <name>.text:ADCC3_ISR</name>
         <load_address>0x817d</load_address>
         <run_address>0x817d</run_address>
         <size>0xa</size>
         <input_file_ref idref="fl-1a"/>
      </object_component>
      <object_component id="oc-323">
         <name>.text:ADCC4_ISR</name>
         <load_address>0x8187</load_address>
         <run_address>0x8187</run_address>
         <size>0xa</size>
         <input_file_ref idref="fl-1a"/>
      </object_component>
      <object_component id="oc-311">
         <name>.text:ADCC_EVT_ISR</name>
         <load_address>0x8191</load_address>
         <run_address>0x8191</run_address>
         <size>0xa</size>
         <input_file_ref idref="fl-1a"/>
      </object_component>
      <object_component id="oc-33b">
         <name>.text:AES_SINTREQUEST_ISR</name>
         <load_address>0x819b</load_address>
         <run_address>0x819b</run_address>
         <size>0xa</size>
         <input_file_ref idref="fl-1a"/>
      </object_component>
      <object_component id="oc-341">
         <name>.text:BGCRC_CLA1_ISR</name>
         <load_address>0x81a5</load_address>
         <run_address>0x81a5</run_address>
         <size>0xa</size>
         <input_file_ref idref="fl-1a"/>
      </object_component>
      <object_component id="oc-305">
         <name>.text:BGCRC_ISR</name>
         <load_address>0x81af</load_address>
         <run_address>0x81af</run_address>
         <size>0xa</size>
         <input_file_ref idref="fl-1a"/>
      </object_component>
      <object_component id="oc-1cd">
         <name>.text:CANA0_ISR</name>
         <load_address>0x81b9</load_address>
         <run_address>0x81b9</run_address>
         <size>0xa</size>
         <input_file_ref idref="fl-1a"/>
      </object_component>
      <object_component id="oc-1d3">
         <name>.text:CANA1_ISR</name>
         <load_address>0x81c3</load_address>
         <run_address>0x81c3</run_address>
         <size>0xa</size>
         <input_file_ref idref="fl-1a"/>
      </object_component>
      <object_component id="oc-209">
         <name>.text:CLA1_1_ISR</name>
         <load_address>0x81cd</load_address>
         <run_address>0x81cd</run_address>
         <size>0xa</size>
         <input_file_ref idref="fl-1a"/>
      </object_component>
      <object_component id="oc-20f">
         <name>.text:CLA1_2_ISR</name>
         <load_address>0x81d7</load_address>
         <run_address>0x81d7</run_address>
         <size>0xa</size>
         <input_file_ref idref="fl-1a"/>
      </object_component>
      <object_component id="oc-215">
         <name>.text:CLA1_3_ISR</name>
         <load_address>0x81e1</load_address>
         <run_address>0x81e1</run_address>
         <size>0xa</size>
         <input_file_ref idref="fl-1a"/>
      </object_component>
      <object_component id="oc-21b">
         <name>.text:CLA1_4_ISR</name>
         <load_address>0x81eb</load_address>
         <run_address>0x81eb</run_address>
         <size>0xa</size>
         <input_file_ref idref="fl-1a"/>
      </object_component>
      <object_component id="oc-221">
         <name>.text:CLA1_5_ISR</name>
         <load_address>0x81f5</load_address>
         <run_address>0x81f5</run_address>
         <size>0xa</size>
         <input_file_ref idref="fl-1a"/>
      </object_component>
      <object_component id="oc-227">
         <name>.text:CLA1_6_ISR</name>
         <load_address>0x81ff</load_address>
         <run_address>0x81ff</run_address>
         <size>0xa</size>
         <input_file_ref idref="fl-1a"/>
      </object_component>
      <object_component id="oc-22d">
         <name>.text:CLA1_7_ISR</name>
         <load_address>0x8209</load_address>
         <run_address>0x8209</run_address>
         <size>0xa</size>
         <input_file_ref idref="fl-1a"/>
      </object_component>
      <object_component id="oc-233">
         <name>.text:CLA1_8_ISR</name>
         <load_address>0x8213</load_address>
         <run_address>0x8213</run_address>
         <size>0xa</size>
         <input_file_ref idref="fl-1a"/>
      </object_component>
      <object_component id="oc-347">
         <name>.text:CLA_OVERFLOW_ISR</name>
         <load_address>0x821d</load_address>
         <run_address>0x821d</run_address>
         <size>0xa</size>
         <input_file_ref idref="fl-1a"/>
      </object_component>
      <object_component id="oc-34d">
         <name>.text:CLA_UNDERFLOW_ISR</name>
         <load_address>0x8227</load_address>
         <run_address>0x8227</run_address>
         <size>0xa</size>
         <input_file_ref idref="fl-1a"/>
      </object_component>
      <object_component id="oc-149">
         <name>.text:CLB1_ISR</name>
         <load_address>0x8231</load_address>
         <run_address>0x8231</run_address>
         <size>0xa</size>
         <input_file_ref idref="fl-1a"/>
      </object_component>
      <object_component id="oc-14f">
         <name>.text:CLB2_ISR</name>
         <load_address>0x823b</load_address>
         <run_address>0x823b</run_address>
         <size>0xa</size>
         <input_file_ref idref="fl-1a"/>
      </object_component>
      <object_component id="oc-155">
         <name>.text:CLB3_ISR</name>
         <load_address>0x8245</load_address>
         <run_address>0x8245</run_address>
         <size>0xa</size>
         <input_file_ref idref="fl-1a"/>
      </object_component>
      <object_component id="oc-15b">
         <name>.text:CLB4_ISR</name>
         <load_address>0x824f</load_address>
         <run_address>0x824f</run_address>
         <size>0xa</size>
         <input_file_ref idref="fl-1a"/>
      </object_component>
      <object_component id="oc-3b">
         <name>.text:DATALOG_ISR</name>
         <load_address>0x8259</load_address>
         <run_address>0x8259</run_address>
         <size>0xa</size>
         <input_file_ref idref="fl-1a"/>
      </object_component>
      <object_component id="oc-2c3">
         <name>.text:DCC0_ISR</name>
         <load_address>0x8263</load_address>
         <run_address>0x8263</run_address>
         <size>0xa</size>
         <input_file_ref idref="fl-1a"/>
      </object_component>
      <object_component id="oc-2e7">
         <name>.text:DCC1_ISR</name>
         <load_address>0x826d</load_address>
         <run_address>0x826d</run_address>
         <size>0xa</size>
         <input_file_ref idref="fl-1a"/>
      </object_component>
      <object_component id="oc-179">
         <name>.text:DMA_CH1_ISR</name>
         <load_address>0x8277</load_address>
         <run_address>0x8277</run_address>
         <size>0xa</size>
         <input_file_ref idref="fl-1a"/>
      </object_component>
      <object_component id="oc-17f">
         <name>.text:DMA_CH2_ISR</name>
         <load_address>0x8281</load_address>
         <run_address>0x8281</run_address>
         <size>0xa</size>
         <input_file_ref idref="fl-1a"/>
      </object_component>
      <object_component id="oc-185">
         <name>.text:DMA_CH3_ISR</name>
         <load_address>0x828b</load_address>
         <run_address>0x828b</run_address>
         <size>0xa</size>
         <input_file_ref idref="fl-1a"/>
      </object_component>
      <object_component id="oc-18b">
         <name>.text:DMA_CH4_ISR</name>
         <load_address>0x8295</load_address>
         <run_address>0x8295</run_address>
         <size>0xa</size>
         <input_file_ref idref="fl-1a"/>
      </object_component>
      <object_component id="oc-191">
         <name>.text:DMA_CH5_ISR</name>
         <load_address>0x829f</load_address>
         <run_address>0x829f</run_address>
         <size>0xa</size>
         <input_file_ref idref="fl-1a"/>
      </object_component>
      <object_component id="oc-197">
         <name>.text:DMA_CH6_ISR</name>
         <load_address>0x82a9</load_address>
         <run_address>0x82a9</run_address>
         <size>0xa</size>
         <input_file_ref idref="fl-1a"/>
      </object_component>
      <object_component id="oc-12b">
         <name>.text:ECAP1_ISR</name>
         <load_address>0x82b3</load_address>
         <run_address>0x82b3</run_address>
         <size>0xa</size>
         <input_file_ref idref="fl-1a"/>
      </object_component>
      <object_component id="oc-131">
         <name>.text:ECAP2_ISR</name>
         <load_address>0x82bd</load_address>
         <run_address>0x82bd</run_address>
         <size>0xa</size>
         <input_file_ref idref="fl-1a"/>
      </object_component>
      <object_component id="oc-269">
         <name>.text:ECAP3_2_ISR</name>
         <load_address>0x82c7</load_address>
         <run_address>0x82c7</run_address>
         <size>0xa</size>
         <input_file_ref idref="fl-1a"/>
      </object_component>
      <object_component id="oc-137">
         <name>.text:ECAP3_ISR</name>
         <load_address>0x82d1</load_address>
         <run_address>0x82d1</run_address>
         <size>0xa</size>
         <input_file_ref idref="fl-1a"/>
      </object_component>
      <object_component id="oc-47">
         <name>.text:EMU_ISR</name>
         <load_address>0x82db</load_address>
         <run_address>0x82db</run_address>
         <size>0xa</size>
         <input_file_ref idref="fl-1a"/>
      </object_component>
      <object_component id="oc-fb">
         <name>.text:EPWM1_ISR</name>
         <load_address>0x82e5</load_address>
         <run_address>0x82e5</run_address>
         <size>0xa</size>
         <input_file_ref idref="fl-1a"/>
      </object_component>
      <object_component id="oc-cb">
         <name>.text:EPWM1_TZ_ISR</name>
         <load_address>0x82ef</load_address>
         <run_address>0x82ef</run_address>
         <size>0xa</size>
         <input_file_ref idref="fl-1a"/>
      </object_component>
      <object_component id="oc-101">
         <name>.text:EPWM2_ISR</name>
         <load_address>0x82f9</load_address>
         <run_address>0x82f9</run_address>
         <size>0xa</size>
         <input_file_ref idref="fl-1a"/>
      </object_component>
      <object_component id="oc-d1">
         <name>.text:EPWM2_TZ_ISR</name>
         <load_address>0x8303</load_address>
         <run_address>0x8303</run_address>
         <size>0xa</size>
         <input_file_ref idref="fl-1a"/>
      </object_component>
      <object_component id="oc-107">
         <name>.text:EPWM3_ISR</name>
         <load_address>0x830d</load_address>
         <run_address>0x830d</run_address>
         <size>0xa</size>
         <input_file_ref idref="fl-1a"/>
      </object_component>
      <object_component id="oc-d7">
         <name>.text:EPWM3_TZ_ISR</name>
         <load_address>0x8317</load_address>
         <run_address>0x8317</run_address>
         <size>0xa</size>
         <input_file_ref idref="fl-1a"/>
      </object_component>
      <object_component id="oc-10d">
         <name>.text:EPWM4_ISR</name>
         <load_address>0x8321</load_address>
         <run_address>0x8321</run_address>
         <size>0xa</size>
         <input_file_ref idref="fl-1a"/>
      </object_component>
      <object_component id="oc-dd">
         <name>.text:EPWM4_TZ_ISR</name>
         <load_address>0x832b</load_address>
         <run_address>0x832b</run_address>
         <size>0xa</size>
         <input_file_ref idref="fl-1a"/>
      </object_component>
      <object_component id="oc-113">
         <name>.text:EPWM5_ISR</name>
         <load_address>0x8335</load_address>
         <run_address>0x8335</run_address>
         <size>0xa</size>
         <input_file_ref idref="fl-1a"/>
      </object_component>
      <object_component id="oc-e3">
         <name>.text:EPWM5_TZ_ISR</name>
         <load_address>0x833f</load_address>
         <run_address>0x833f</run_address>
         <size>0xa</size>
         <input_file_ref idref="fl-1a"/>
      </object_component>
      <object_component id="oc-119">
         <name>.text:EPWM6_ISR</name>
         <load_address>0x8349</load_address>
         <run_address>0x8349</run_address>
         <size>0xa</size>
         <input_file_ref idref="fl-1a"/>
      </object_component>
      <object_component id="oc-e9">
         <name>.text:EPWM6_TZ_ISR</name>
         <load_address>0x8353</load_address>
         <run_address>0x8353</run_address>
         <size>0xa</size>
         <input_file_ref idref="fl-1a"/>
      </object_component>
      <object_component id="oc-11f">
         <name>.text:EPWM7_ISR</name>
         <load_address>0x835d</load_address>
         <run_address>0x835d</run_address>
         <size>0xa</size>
         <input_file_ref idref="fl-1a"/>
      </object_component>
      <object_component id="oc-ef">
         <name>.text:EPWM7_TZ_ISR</name>
         <load_address>0x8367</load_address>
         <run_address>0x8367</run_address>
         <size>0xa</size>
         <input_file_ref idref="fl-1a"/>
      </object_component>
      <object_component id="oc-125">
         <name>.text:EPWM8_ISR</name>
         <load_address>0x8371</load_address>
         <run_address>0x8371</run_address>
         <size>0xa</size>
         <input_file_ref idref="fl-1a"/>
      </object_component>
      <object_component id="oc-f5">
         <name>.text:EPWM8_TZ_ISR</name>
         <load_address>0x837b</load_address>
         <run_address>0x837b</run_address>
         <size>0xa</size>
         <input_file_ref idref="fl-1a"/>
      </object_component>
      <object_component id="oc-13d">
         <name>.text:EQEP1_ISR</name>
         <load_address>0x8385</load_address>
         <run_address>0x8385</run_address>
         <size>0xa</size>
         <input_file_ref idref="fl-1a"/>
      </object_component>
      <object_component id="oc-143">
         <name>.text:EQEP2_ISR</name>
         <load_address>0x838f</load_address>
         <run_address>0x838f</run_address>
         <size>0xa</size>
         <input_file_ref idref="fl-1a"/>
      </object_component>
      <object_component id="oc-32f">
         <name>.text:FLASH_CORR_ERR_ISR</name>
         <load_address>0x8399</load_address>
         <run_address>0x8399</run_address>
         <size>0xa</size>
         <input_file_ref idref="fl-1a"/>
      </object_component>
      <object_component id="oc-251">
         <name>.text:FMC_ISR</name>
         <load_address>0x83a3</load_address>
         <run_address>0x83a3</run_address>
         <size>0xa</size>
         <input_file_ref idref="fl-1a"/>
      </object_component>
      <object_component id="oc-257">
         <name>.text:FPU_OVERFLOW_ISR</name>
         <load_address>0x83ad</load_address>
         <run_address>0x83ad</run_address>
         <size>0xa</size>
         <input_file_ref idref="fl-1a"/>
      </object_component>
      <object_component id="oc-25d">
         <name>.text:FPU_UNDERFLOW_ISR</name>
         <load_address>0x83b7</load_address>
         <run_address>0x83b7</run_address>
         <size>0xa</size>
         <input_file_ref idref="fl-1a"/>
      </object_component>
      <object_component id="oc-2b7">
         <name>.text:FSIRXA1_ISR</name>
         <load_address>0x83c1</load_address>
         <run_address>0x83c1</run_address>
         <size>0xa</size>
         <input_file_ref idref="fl-1a"/>
      </object_component>
      <object_component id="oc-2bd">
         <name>.text:FSIRXA2_ISR</name>
         <load_address>0x83cb</load_address>
         <run_address>0x83cb</run_address>
         <size>0xa</size>
         <input_file_ref idref="fl-1a"/>
      </object_component>
      <object_component id="oc-2ab">
         <name>.text:FSITXA1_ISR</name>
         <load_address>0x83d5</load_address>
         <run_address>0x83d5</run_address>
         <size>0xa</size>
         <input_file_ref idref="fl-1a"/>
      </object_component>
      <object_component id="oc-2b1">
         <name>.text:FSITXA2_ISR</name>
         <load_address>0x83df</load_address>
         <run_address>0x83df</run_address>
         <size>0xa</size>
         <input_file_ref idref="fl-1a"/>
      </object_component>
      <object_component id="oc-30b">
         <name>.text:HICA_ISR</name>
         <load_address>0x83e9</load_address>
         <run_address>0x83e9</run_address>
         <size>0xa</size>
         <input_file_ref idref="fl-1a"/>
      </object_component>
      <object_component id="oc-1a3">
         <name>.text:I2CA_FIFO_ISR</name>
         <load_address>0x83f3</load_address>
         <run_address>0x83f3</run_address>
         <size>0xa</size>
         <input_file_ref idref="fl-1a"/>
      </object_component>
      <object_component id="oc-19d">
         <name>.text:I2CA_ISR</name>
         <load_address>0x83fd</load_address>
         <run_address>0x83fd</run_address>
         <size>0xa</size>
         <input_file_ref idref="fl-1a"/>
      </object_component>
      <object_component id="oc-1af">
         <name>.text:I2CB_FIFO_ISR</name>
         <load_address>0x8407</load_address>
         <run_address>0x8407</run_address>
         <size>0xa</size>
         <input_file_ref idref="fl-1a"/>
      </object_component>
      <object_component id="oc-1a9">
         <name>.text:I2CB_ISR</name>
         <load_address>0x8411</load_address>
         <run_address>0x8411</run_address>
         <size>0xa</size>
         <input_file_ref idref="fl-1a"/>
      </object_component>
      <object_component id="oc-53">
         <name>.text:ILLEGAL_ISR</name>
         <load_address>0x841b</load_address>
         <run_address>0x841b</run_address>
         <size>0xa</size>
         <input_file_ref idref="fl-1a"/>
      </object_component>
      <object_component id="oc-371">
         <name>.text:Interrupt_illegalOperationHandler</name>
         <load_address>0x8425</load_address>
         <run_address>0x8425</run_address>
         <size>0xa</size>
         <input_file_ref idref="fl-2c"/>
      </object_component>
      <object_component id="oc-377">
         <name>.text:Interrupt_nmiHandler</name>
         <load_address>0x842f</load_address>
         <run_address>0x842f</run_address>
         <size>0xa</size>
         <input_file_ref idref="fl-2c"/>
      </object_component>
      <object_component id="oc-2c9">
         <name>.text:LINA_0_ISR</name>
         <load_address>0x8439</load_address>
         <run_address>0x8439</run_address>
         <size>0xa</size>
         <input_file_ref idref="fl-1a"/>
      </object_component>
      <object_component id="oc-2cf">
         <name>.text:LINA_1_ISR</name>
         <load_address>0x8443</load_address>
         <run_address>0x8443</run_address>
         <size>0xa</size>
         <input_file_ref idref="fl-1a"/>
      </object_component>
      <object_component id="oc-2d5">
         <name>.text:LINB_0_ISR</name>
         <load_address>0x844d</load_address>
         <run_address>0x844d</run_address>
         <size>0xa</size>
         <input_file_ref idref="fl-1a"/>
      </object_component>
      <object_component id="oc-2db">
         <name>.text:LINB_1_ISR</name>
         <load_address>0x8457</load_address>
         <run_address>0x8457</run_address>
         <size>0xa</size>
         <input_file_ref idref="fl-1a"/>
      </object_component>
      <object_component id="oc-2ed">
         <name>.text:MCANA_0_ISR</name>
         <load_address>0x8461</load_address>
         <run_address>0x8461</run_address>
         <size>0xa</size>
         <input_file_ref idref="fl-1a"/>
      </object_component>
      <object_component id="oc-2f3">
         <name>.text:MCANA_1_ISR</name>
         <load_address>0x846b</load_address>
         <run_address>0x846b</run_address>
         <size>0xa</size>
         <input_file_ref idref="fl-1a"/>
      </object_component>
      <object_component id="oc-2f9">
         <name>.text:MCANA_ECC_ISR</name>
         <load_address>0x8475</load_address>
         <run_address>0x8475</run_address>
         <size>0xa</size>
         <input_file_ref idref="fl-1a"/>
      </object_component>
      <object_component id="oc-2ff">
         <name>.text:MCANA_WAKE_ISR</name>
         <load_address>0x847f</load_address>
         <run_address>0x847f</run_address>
         <size>0xa</size>
         <input_file_ref idref="fl-1a"/>
      </object_component>
      <object_component id="oc-24b">
         <name>.text:MPOST_ISR</name>
         <load_address>0x8489</load_address>
         <run_address>0x8489</run_address>
         <size>0xa</size>
         <input_file_ref idref="fl-1a"/>
      </object_component>
      <object_component id="oc-4d">
         <name>.text:NMI_ISR</name>
         <load_address>0x8493</load_address>
         <run_address>0x8493</run_address>
         <size>0xa</size>
         <input_file_ref idref="fl-1a"/>
      </object_component>
      <object_component id="oc-35f">
         <name>.text:NOTUSED_ISR</name>
         <load_address>0x849d</load_address>
         <run_address>0x849d</run_address>
         <size>0xa</size>
         <input_file_ref idref="fl-1a"/>
      </object_component>
      <object_component id="oc-353">
         <name>.text:PIE_RESERVED_ISR</name>
         <load_address>0x84a7</load_address>
         <run_address>0x84a7</run_address>
         <size>0xa</size>
         <input_file_ref idref="fl-1a"/>
      </object_component>
      <object_component id="oc-2e1">
         <name>.text:PMBUSA_ISR</name>
         <load_address>0x84b1</load_address>
         <run_address>0x84b1</run_address>
         <size>0xa</size>
         <input_file_ref idref="fl-1a"/>
      </object_component>
      <object_component id="oc-335">
         <name>.text:RAM_ACC_VIOL_ISR</name>
         <load_address>0x84bb</load_address>
         <run_address>0x84bb</run_address>
         <size>0xa</size>
         <input_file_ref idref="fl-1a"/>
      </object_component>
      <object_component id="oc-329">
         <name>.text:RAM_CORR_ERR_ISR</name>
         <load_address>0x84c5</load_address>
         <run_address>0x84c5</run_address>
         <size>0xa</size>
         <input_file_ref idref="fl-1a"/>
      </object_component>
      <object_component id="oc-41">
         <name>.text:RTOS_ISR</name>
         <load_address>0x84cf</load_address>
         <run_address>0x84cf</run_address>
         <size>0xa</size>
         <input_file_ref idref="fl-1a"/>
      </object_component>
      <object_component id="oc-1b5">
         <name>.text:SCIA_RX_ISR</name>
         <load_address>0x84d9</load_address>
         <run_address>0x84d9</run_address>
         <size>0xa</size>
         <input_file_ref idref="fl-1a"/>
      </object_component>
      <object_component id="oc-1bb">
         <name>.text:SCIA_TX_ISR</name>
         <load_address>0x84e3</load_address>
         <run_address>0x84e3</run_address>
         <size>0xa</size>
         <input_file_ref idref="fl-1a"/>
      </object_component>
      <object_component id="oc-1c1">
         <name>.text:SCIB_RX_ISR</name>
         <load_address>0x84ed</load_address>
         <run_address>0x84ed</run_address>
         <size>0xa</size>
         <input_file_ref idref="fl-1a"/>
      </object_component>
      <object_component id="oc-1c7">
         <name>.text:SCIB_TX_ISR</name>
         <load_address>0x84f7</load_address>
         <run_address>0x84f7</run_address>
         <size>0xa</size>
         <input_file_ref idref="fl-1a"/>
      </object_component>
      <object_component id="oc-27b">
         <name>.text:SDFM1DR1_ISR</name>
         <load_address>0x8501</load_address>
         <run_address>0x8501</run_address>
         <size>0xa</size>
         <input_file_ref idref="fl-1a"/>
      </object_component>
      <object_component id="oc-281">
         <name>.text:SDFM1DR2_ISR</name>
         <load_address>0x850b</load_address>
         <run_address>0x850b</run_address>
         <size>0xa</size>
         <input_file_ref idref="fl-1a"/>
      </object_component>
      <object_component id="oc-287">
         <name>.text:SDFM1DR3_ISR</name>
         <load_address>0x8515</load_address>
         <run_address>0x8515</run_address>
         <size>0xa</size>
         <input_file_ref idref="fl-1a"/>
      </object_component>
      <object_component id="oc-28d">
         <name>.text:SDFM1DR4_ISR</name>
         <load_address>0x851f</load_address>
         <run_address>0x851f</run_address>
         <size>0xa</size>
         <input_file_ref idref="fl-1a"/>
      </object_component>
      <object_component id="oc-26f">
         <name>.text:SDFM1_ISR</name>
         <load_address>0x8529</load_address>
         <run_address>0x8529</run_address>
         <size>0xa</size>
         <input_file_ref idref="fl-1a"/>
      </object_component>
      <object_component id="oc-293">
         <name>.text:SDFM2DR1_ISR</name>
         <load_address>0x8533</load_address>
         <run_address>0x8533</run_address>
         <size>0xa</size>
         <input_file_ref idref="fl-1a"/>
      </object_component>
      <object_component id="oc-299">
         <name>.text:SDFM2DR2_ISR</name>
         <load_address>0x853d</load_address>
         <run_address>0x853d</run_address>
         <size>0xa</size>
         <input_file_ref idref="fl-1a"/>
      </object_component>
      <object_component id="oc-29f">
         <name>.text:SDFM2DR3_ISR</name>
         <load_address>0x8547</load_address>
         <run_address>0x8547</run_address>
         <size>0xa</size>
         <input_file_ref idref="fl-1a"/>
      </object_component>
      <object_component id="oc-2a5">
         <name>.text:SDFM2DR4_ISR</name>
         <load_address>0x8551</load_address>
         <run_address>0x8551</run_address>
         <size>0xa</size>
         <input_file_ref idref="fl-1a"/>
      </object_component>
      <object_component id="oc-275">
         <name>.text:SDFM2_ISR</name>
         <load_address>0x855b</load_address>
         <run_address>0x855b</run_address>
         <size>0xa</size>
         <input_file_ref idref="fl-1a"/>
      </object_component>
      <object_component id="oc-161">
         <name>.text:SPIA_RX_ISR</name>
         <load_address>0x8565</load_address>
         <run_address>0x8565</run_address>
         <size>0xa</size>
         <input_file_ref idref="fl-1a"/>
      </object_component>
      <object_component id="oc-167">
         <name>.text:SPIA_TX_ISR</name>
         <load_address>0x856f</load_address>
         <run_address>0x856f</run_address>
         <size>0xa</size>
         <input_file_ref idref="fl-1a"/>
      </object_component>
      <object_component id="oc-16d">
         <name>.text:SPIB_RX_ISR</name>
         <load_address>0x8579</load_address>
         <run_address>0x8579</run_address>
         <size>0xa</size>
         <input_file_ref idref="fl-1a"/>
      </object_component>
      <object_component id="oc-173">
         <name>.text:SPIB_TX_ISR</name>
         <load_address>0x8583</load_address>
         <run_address>0x8583</run_address>
         <size>0xa</size>
         <input_file_ref idref="fl-1a"/>
      </object_component>
      <object_component id="oc-263">
         <name>.text:SYS_ERR_ISR</name>
         <load_address>0x858d</load_address>
         <run_address>0x858d</run_address>
         <size>0xa</size>
         <input_file_ref idref="fl-1a"/>
      </object_component>
      <object_component id="oc-bf">
         <name>.text:TIMER0_ISR</name>
         <load_address>0x8597</load_address>
         <run_address>0x8597</run_address>
         <size>0xa</size>
         <input_file_ref idref="fl-1a"/>
      </object_component>
      <object_component id="oc-2c">
         <name>.text:TIMER1_ISR</name>
         <load_address>0x85a1</load_address>
         <run_address>0x85a1</run_address>
         <size>0xa</size>
         <input_file_ref idref="fl-1a"/>
      </object_component>
      <object_component id="oc-35">
         <name>.text:TIMER2_ISR</name>
         <load_address>0x85ab</load_address>
         <run_address>0x85ab</run_address>
         <size>0xa</size>
         <input_file_ref idref="fl-1a"/>
      </object_component>
      <object_component id="oc-8f">
         <name>.text:USER10_ISR</name>
         <load_address>0x85b5</load_address>
         <run_address>0x85b5</run_address>
         <size>0xa</size>
         <input_file_ref idref="fl-1a"/>
      </object_component>
      <object_component id="oc-95">
         <name>.text:USER11_ISR</name>
         <load_address>0x85bf</load_address>
         <run_address>0x85bf</run_address>
         <size>0xa</size>
         <input_file_ref idref="fl-1a"/>
      </object_component>
      <object_component id="oc-9b">
         <name>.text:USER12_ISR</name>
         <load_address>0x85c9</load_address>
         <run_address>0x85c9</run_address>
         <size>0xa</size>
         <input_file_ref idref="fl-1a"/>
      </object_component>
      <object_component id="oc-59">
         <name>.text:USER1_ISR</name>
         <load_address>0x85d3</load_address>
         <run_address>0x85d3</run_address>
         <size>0xa</size>
         <input_file_ref idref="fl-1a"/>
      </object_component>
      <object_component id="oc-5f">
         <name>.text:USER2_ISR</name>
         <load_address>0x85dd</load_address>
         <run_address>0x85dd</run_address>
         <size>0xa</size>
         <input_file_ref idref="fl-1a"/>
      </object_component>
      <object_component id="oc-65">
         <name>.text:USER3_ISR</name>
         <load_address>0x85e7</load_address>
         <run_address>0x85e7</run_address>
         <size>0xa</size>
         <input_file_ref idref="fl-1a"/>
      </object_component>
      <object_component id="oc-6b">
         <name>.text:USER4_ISR</name>
         <load_address>0x85f1</load_address>
         <run_address>0x85f1</run_address>
         <size>0xa</size>
         <input_file_ref idref="fl-1a"/>
      </object_component>
      <object_component id="oc-71">
         <name>.text:USER5_ISR</name>
         <load_address>0x85fb</load_address>
         <run_address>0x85fb</run_address>
         <size>0xa</size>
         <input_file_ref idref="fl-1a"/>
      </object_component>
      <object_component id="oc-77">
         <name>.text:USER6_ISR</name>
         <load_address>0x8605</load_address>
         <run_address>0x8605</run_address>
         <size>0xa</size>
         <input_file_ref idref="fl-1a"/>
      </object_component>
      <object_component id="oc-7d">
         <name>.text:USER7_ISR</name>
         <load_address>0x860f</load_address>
         <run_address>0x860f</run_address>
         <size>0xa</size>
         <input_file_ref idref="fl-1a"/>
      </object_component>
      <object_component id="oc-83">
         <name>.text:USER8_ISR</name>
         <load_address>0x8619</load_address>
         <run_address>0x8619</run_address>
         <size>0xa</size>
         <input_file_ref idref="fl-1a"/>
      </object_component>
      <object_component id="oc-89">
         <name>.text:USER9_ISR</name>
         <load_address>0x8623</load_address>
         <run_address>0x8623</run_address>
         <size>0xa</size>
         <input_file_ref idref="fl-1a"/>
      </object_component>
      <object_component id="oc-c5">
         <name>.text:WAKE_ISR</name>
         <load_address>0x862d</load_address>
         <run_address>0x862d</run_address>
         <size>0xa</size>
         <input_file_ref idref="fl-1a"/>
      </object_component>
      <object_component id="oc-b3">
         <name>.text:XINT1_ISR</name>
         <load_address>0x8637</load_address>
         <run_address>0x8637</run_address>
         <size>0xa</size>
         <input_file_ref idref="fl-1a"/>
      </object_component>
      <object_component id="oc-b9">
         <name>.text:XINT2_ISR</name>
         <load_address>0x8641</load_address>
         <run_address>0x8641</run_address>
         <size>0xa</size>
         <input_file_ref idref="fl-1a"/>
      </object_component>
      <object_component id="oc-239">
         <name>.text:XINT3_ISR</name>
         <load_address>0x864b</load_address>
         <run_address>0x864b</run_address>
         <size>0xa</size>
         <input_file_ref idref="fl-1a"/>
      </object_component>
      <object_component id="oc-23f">
         <name>.text:XINT4_ISR</name>
         <load_address>0x8655</load_address>
         <run_address>0x8655</run_address>
         <size>0xa</size>
         <input_file_ref idref="fl-1a"/>
      </object_component>
      <object_component id="oc-245">
         <name>.text:XINT5_ISR</name>
         <load_address>0x865f</load_address>
         <run_address>0x865f</run_address>
         <size>0xa</size>
         <input_file_ref idref="fl-1a"/>
      </object_component>
      <object_component id="oc-4c4">
         <name>.text</name>
         <load_address>0x8669</load_address>
         <run_address>0x8669</run_address>
         <size>0x9</size>
         <input_file_ref idref="fl-4b"/>
      </object_component>
      <object_component id="oc-1b">
         <name>.text:decompress:none</name>
         <load_address>0x8672</load_address>
         <run_address>0x8672</run_address>
         <size>0x8</size>
         <input_file_ref idref="fl-48"/>
      </object_component>
      <object_component id="oc-3a8">
         <name>.text</name>
         <load_address>0x867a</load_address>
         <run_address>0x867a</run_address>
         <size>0x8</size>
         <input_file_ref idref="fl-17"/>
      </object_component>
      <object_component id="oc-483">
         <name>.text:main</name>
         <load_address>0x8682</load_address>
         <run_address>0x8682</run_address>
         <size>0x2</size>
         <input_file_ref idref="fl-2"/>
      </object_component>
      <object_component id="oc-394">
         <name>.text</name>
         <load_address>0x8684</load_address>
         <run_address>0x8684</run_address>
         <size>0x2</size>
         <input_file_ref idref="fl-45"/>
      </object_component>
      <object_component id="oc-4a8">
         <name>.text</name>
         <load_address>0x8686</load_address>
         <run_address>0x8686</run_address>
         <size>0x1</size>
         <input_file_ref idref="fl-50"/>
      </object_component>
      <object_component id="oc-516">
         <name>.cinit..data.load</name>
         <load_address>0x128</load_address>
         <run_address>0x128</run_address>
         <size>0x8</size>
      </object_component>
      <object_component id="oc-514">
         <name>__TI_handler_table</name>
         <load_address>0x130</load_address>
         <run_address>0x130</run_address>
         <size>0x4</size>
      </object_component>
      <object_component id="oc-515">
         <name>__TI_cinit_table</name>
         <load_address>0x134</load_address>
         <run_address>0x134</run_address>
         <size>0x4</size>
      </object_component>
      <object_component id="oc-37d">
         <name>.stack</name>
         <uninitialized>true</uninitialized>
         <run_address>0x400</run_address>
         <size>0x0</size>
         <input_file_ref idref="fl-41"/>
      </object_component>
      <object_component id="oc-517">
         <name>.stack</name>
         <uninitialized>true</uninitialized>
         <run_address>0x400</run_address>
         <size>0x0</size>
      </object_component>
      <object_component id="oc-32">
         <name>.const</name>
         <load_address>0xa800</load_address>
         <run_address>0xa800</run_address>
         <size>0x1c0</size>
         <input_file_ref idref="fl-20"/>
      </object_component>
      <object_component id="oc-48b">
         <name>.data</name>
         <load_address>0xa9c0</load_address>
         <run_address>0xa9c0</run_address>
         <size>0x6</size>
         <input_file_ref idref="fl-4a"/>
      </object_component>
      <object_component id="oc-48e">
         <name>.data:_lock</name>
         <load_address>0xa9c6</load_address>
         <run_address>0xa9c6</run_address>
         <size>0x2</size>
         <input_file_ref idref="fl-4b"/>
      </object_component>
      <object_component id="oc-4dd">
         <name>.data:_unlock</name>
         <load_address>0xa9c8</load_address>
         <run_address>0xa9c8</run_address>
         <size>0x2</size>
         <input_file_ref idref="fl-4b"/>
      </object_component>
      <object_component id="oc-4be">
         <name>.debug_types</name>
         <load_address>0x0</load_address>
         <run_address>0x0</run_address>
         <size>0x2d9</size>
         <input_file_ref idref="fl-2"/>
      </object_component>
      <object_component id="oc-3af">
         <name>.debug_types</name>
         <load_address>0x0</load_address>
         <run_address>0x0</run_address>
         <size>0x0</size>
         <input_file_ref idref="fl-1a"/>
      </object_component>
      <object_component id="oc-3b2">
         <name>.debug_types</name>
         <load_address>0x2d9</load_address>
         <run_address>0x2d9</run_address>
         <size>0x5164</size>
         <input_file_ref idref="fl-20"/>
      </object_component>
      <object_component id="oc-43c">
         <name>.debug_types</name>
         <load_address>0x543d</load_address>
         <run_address>0x543d</run_address>
         <size>0xdc</size>
         <input_file_ref idref="fl-2c"/>
      </object_component>
      <object_component id="oc-452">
         <name>.debug_types</name>
         <load_address>0x0</load_address>
         <run_address>0x0</run_address>
         <size>0x0</size>
         <input_file_ref idref="fl-45"/>
      </object_component>
      <object_component id="oc-4af">
         <name>.debug_types</name>
         <load_address>0x5519</load_address>
         <run_address>0x5519</run_address>
         <size>0x4f5</size>
         <input_file_ref idref="fl-46"/>
      </object_component>
      <object_component id="oc-387">
         <name>.debug_types</name>
         <load_address>0x5a0e</load_address>
         <run_address>0x5a0e</run_address>
         <size>0x1c8</size>
         <input_file_ref idref="fl-48"/>
      </object_component>
      <object_component id="oc-37f">
         <name>.debug_types</name>
         <load_address>0x5bd6</load_address>
         <run_address>0x5bd6</run_address>
         <size>0x191</size>
         <input_file_ref idref="fl-49"/>
      </object_component>
      <object_component id="oc-492">
         <name>.debug_types</name>
         <load_address>0x5d67</load_address>
         <run_address>0x5d67</run_address>
         <size>0xbf</size>
         <input_file_ref idref="fl-4a"/>
      </object_component>
      <object_component id="oc-4cc">
         <name>.debug_types</name>
         <load_address>0x5e26</load_address>
         <run_address>0x5e26</run_address>
         <size>0x2f</size>
         <input_file_ref idref="fl-4b"/>
      </object_component>
      <object_component id="oc-48a">
         <name>.debug_types</name>
         <load_address>0x5e55</load_address>
         <run_address>0x5e55</run_address>
         <size>0xe1</size>
         <input_file_ref idref="fl-4c"/>
      </object_component>
      <object_component id="oc-444">
         <name>.debug_types</name>
         <load_address>0x5f36</load_address>
         <run_address>0x5f36</run_address>
         <size>0xe3</size>
         <input_file_ref idref="fl-4f"/>
      </object_component>
      <object_component id="oc-4d4">
         <name>.debug_types</name>
         <load_address>0x0</load_address>
         <run_address>0x0</run_address>
         <size>0x0</size>
         <input_file_ref idref="fl-50"/>
      </object_component>
      <object_component id="oc-487">
         <name>.debug_info</name>
         <load_address>0x0</load_address>
         <run_address>0x0</run_address>
         <size>0xed</size>
         <input_file_ref idref="fl-2"/>
      </object_component>
      <object_component id="oc-29">
         <name>.debug_info</name>
         <load_address>0xed</load_address>
         <run_address>0xed</run_address>
         <size>0x102</size>
         <input_file_ref idref="fl-17"/>
      </object_component>
      <object_component id="oc-3aa">
         <name>.debug_info</name>
         <load_address>0x1ef</load_address>
         <run_address>0x1ef</run_address>
         <size>0x103</size>
         <input_file_ref idref="fl-17"/>
      </object_component>
      <object_component id="oc-2d">
         <name>.debug_info</name>
         <load_address>0x2f2</load_address>
         <run_address>0x2f2</run_address>
         <size>0x113</size>
         <input_file_ref idref="fl-1a"/>
      </object_component>
      <object_component id="oc-36">
         <name>.debug_info</name>
         <load_address>0x405</load_address>
         <run_address>0x405</run_address>
         <size>0x113</size>
         <input_file_ref idref="fl-1a"/>
      </object_component>
      <object_component id="oc-3c">
         <name>.debug_info</name>
         <load_address>0x518</load_address>
         <run_address>0x518</run_address>
         <size>0x115</size>
         <input_file_ref idref="fl-1a"/>
      </object_component>
      <object_component id="oc-42">
         <name>.debug_info</name>
         <load_address>0x62d</load_address>
         <run_address>0x62d</run_address>
         <size>0x10f</size>
         <input_file_ref idref="fl-1a"/>
      </object_component>
      <object_component id="oc-48">
         <name>.debug_info</name>
         <load_address>0x73c</load_address>
         <run_address>0x73c</run_address>
         <size>0x10d</size>
         <input_file_ref idref="fl-1a"/>
      </object_component>
      <object_component id="oc-4e">
         <name>.debug_info</name>
         <load_address>0x849</load_address>
         <run_address>0x849</run_address>
         <size>0x10d</size>
         <input_file_ref idref="fl-1a"/>
      </object_component>
      <object_component id="oc-54">
         <name>.debug_info</name>
         <load_address>0x956</load_address>
         <run_address>0x956</run_address>
         <size>0x115</size>
         <input_file_ref idref="fl-1a"/>
      </object_component>
      <object_component id="oc-5a">
         <name>.debug_info</name>
         <load_address>0xa6b</load_address>
         <run_address>0xa6b</run_address>
         <size>0x111</size>
         <input_file_ref idref="fl-1a"/>
      </object_component>
      <object_component id="oc-60">
         <name>.debug_info</name>
         <load_address>0xb7c</load_address>
         <run_address>0xb7c</run_address>
         <size>0x111</size>
         <input_file_ref idref="fl-1a"/>
      </object_component>
      <object_component id="oc-66">
         <name>.debug_info</name>
         <load_address>0xc8d</load_address>
         <run_address>0xc8d</run_address>
         <size>0x111</size>
         <input_file_ref idref="fl-1a"/>
      </object_component>
      <object_component id="oc-6c">
         <name>.debug_info</name>
         <load_address>0xd9e</load_address>
         <run_address>0xd9e</run_address>
         <size>0x111</size>
         <input_file_ref idref="fl-1a"/>
      </object_component>
      <object_component id="oc-72">
         <name>.debug_info</name>
         <load_address>0xeaf</load_address>
         <run_address>0xeaf</run_address>
         <size>0x111</size>
         <input_file_ref idref="fl-1a"/>
      </object_component>
      <object_component id="oc-78">
         <name>.debug_info</name>
         <load_address>0xfc0</load_address>
         <run_address>0xfc0</run_address>
         <size>0x112</size>
         <input_file_ref idref="fl-1a"/>
      </object_component>
      <object_component id="oc-7e">
         <name>.debug_info</name>
         <load_address>0x10d2</load_address>
         <run_address>0x10d2</run_address>
         <size>0x113</size>
         <input_file_ref idref="fl-1a"/>
      </object_component>
      <object_component id="oc-84">
         <name>.debug_info</name>
         <load_address>0x11e5</load_address>
         <run_address>0x11e5</run_address>
         <size>0x113</size>
         <input_file_ref idref="fl-1a"/>
      </object_component>
      <object_component id="oc-8a">
         <name>.debug_info</name>
         <load_address>0x12f8</load_address>
         <run_address>0x12f8</run_address>
         <size>0x113</size>
         <input_file_ref idref="fl-1a"/>
      </object_component>
      <object_component id="oc-90">
         <name>.debug_info</name>
         <load_address>0x140b</load_address>
         <run_address>0x140b</run_address>
         <size>0x115</size>
         <input_file_ref idref="fl-1a"/>
      </object_component>
      <object_component id="oc-96">
         <name>.debug_info</name>
         <load_address>0x1520</load_address>
         <run_address>0x1520</run_address>
         <size>0x115</size>
         <input_file_ref idref="fl-1a"/>
      </object_component>
      <object_component id="oc-9c">
         <name>.debug_info</name>
         <load_address>0x1635</load_address>
         <run_address>0x1635</run_address>
         <size>0x115</size>
         <input_file_ref idref="fl-1a"/>
      </object_component>
      <object_component id="oc-a2">
         <name>.debug_info</name>
         <load_address>0x174a</load_address>
         <run_address>0x174a</run_address>
         <size>0x113</size>
         <input_file_ref idref="fl-1a"/>
      </object_component>
      <object_component id="oc-a8">
         <name>.debug_info</name>
         <load_address>0x185d</load_address>
         <run_address>0x185d</run_address>
         <size>0x113</size>
         <input_file_ref idref="fl-1a"/>
      </object_component>
      <object_component id="oc-ae">
         <name>.debug_info</name>
         <load_address>0x1970</load_address>
         <run_address>0x1970</run_address>
         <size>0x113</size>
         <input_file_ref idref="fl-1a"/>
      </object_component>
      <object_component id="oc-b4">
         <name>.debug_info</name>
         <load_address>0x1a83</load_address>
         <run_address>0x1a83</run_address>
         <size>0x113</size>
         <input_file_ref idref="fl-1a"/>
      </object_component>
      <object_component id="oc-ba">
         <name>.debug_info</name>
         <load_address>0x1b96</load_address>
         <run_address>0x1b96</run_address>
         <size>0x113</size>
         <input_file_ref idref="fl-1a"/>
      </object_component>
      <object_component id="oc-c0">
         <name>.debug_info</name>
         <load_address>0x1ca9</load_address>
         <run_address>0x1ca9</run_address>
         <size>0x115</size>
         <input_file_ref idref="fl-1a"/>
      </object_component>
      <object_component id="oc-c6">
         <name>.debug_info</name>
         <load_address>0x1dbe</load_address>
         <run_address>0x1dbe</run_address>
         <size>0x111</size>
         <input_file_ref idref="fl-1a"/>
      </object_component>
      <object_component id="oc-cc">
         <name>.debug_info</name>
         <load_address>0x1ecf</load_address>
         <run_address>0x1ecf</run_address>
         <size>0x119</size>
         <input_file_ref idref="fl-1a"/>
      </object_component>
      <object_component id="oc-d2">
         <name>.debug_info</name>
         <load_address>0x1fe8</load_address>
         <run_address>0x1fe8</run_address>
         <size>0x119</size>
         <input_file_ref idref="fl-1a"/>
      </object_component>
      <object_component id="oc-d8">
         <name>.debug_info</name>
         <load_address>0x2101</load_address>
         <run_address>0x2101</run_address>
         <size>0x119</size>
         <input_file_ref idref="fl-1a"/>
      </object_component>
      <object_component id="oc-de">
         <name>.debug_info</name>
         <load_address>0x221a</load_address>
         <run_address>0x221a</run_address>
         <size>0x119</size>
         <input_file_ref idref="fl-1a"/>
      </object_component>
      <object_component id="oc-e4">
         <name>.debug_info</name>
         <load_address>0x2333</load_address>
         <run_address>0x2333</run_address>
         <size>0x119</size>
         <input_file_ref idref="fl-1a"/>
      </object_component>
      <object_component id="oc-ea">
         <name>.debug_info</name>
         <load_address>0x244c</load_address>
         <run_address>0x244c</run_address>
         <size>0x119</size>
         <input_file_ref idref="fl-1a"/>
      </object_component>
      <object_component id="oc-f0">
         <name>.debug_info</name>
         <load_address>0x2565</load_address>
         <run_address>0x2565</run_address>
         <size>0x119</size>
         <input_file_ref idref="fl-1a"/>
      </object_component>
      <object_component id="oc-f6">
         <name>.debug_info</name>
         <load_address>0x267e</load_address>
         <run_address>0x267e</run_address>
         <size>0x119</size>
         <input_file_ref idref="fl-1a"/>
      </object_component>
      <object_component id="oc-fc">
         <name>.debug_info</name>
         <load_address>0x2797</load_address>
         <run_address>0x2797</run_address>
         <size>0x113</size>
         <input_file_ref idref="fl-1a"/>
      </object_component>
      <object_component id="oc-102">
         <name>.debug_info</name>
         <load_address>0x28aa</load_address>
         <run_address>0x28aa</run_address>
         <size>0x113</size>
         <input_file_ref idref="fl-1a"/>
      </object_component>
      <object_component id="oc-108">
         <name>.debug_info</name>
         <load_address>0x29bd</load_address>
         <run_address>0x29bd</run_address>
         <size>0x113</size>
         <input_file_ref idref="fl-1a"/>
      </object_component>
      <object_component id="oc-10e">
         <name>.debug_info</name>
         <load_address>0x2ad0</load_address>
         <run_address>0x2ad0</run_address>
         <size>0x113</size>
         <input_file_ref idref="fl-1a"/>
      </object_component>
      <object_component id="oc-114">
         <name>.debug_info</name>
         <load_address>0x2be3</load_address>
         <run_address>0x2be3</run_address>
         <size>0x113</size>
         <input_file_ref idref="fl-1a"/>
      </object_component>
      <object_component id="oc-11a">
         <name>.debug_info</name>
         <load_address>0x2cf6</load_address>
         <run_address>0x2cf6</run_address>
         <size>0x113</size>
         <input_file_ref idref="fl-1a"/>
      </object_component>
      <object_component id="oc-120">
         <name>.debug_info</name>
         <load_address>0x2e09</load_address>
         <run_address>0x2e09</run_address>
         <size>0x113</size>
         <input_file_ref idref="fl-1a"/>
      </object_component>
      <object_component id="oc-126">
         <name>.debug_info</name>
         <load_address>0x2f1c</load_address>
         <run_address>0x2f1c</run_address>
         <size>0x113</size>
         <input_file_ref idref="fl-1a"/>
      </object_component>
      <object_component id="oc-12c">
         <name>.debug_info</name>
         <load_address>0x302f</load_address>
         <run_address>0x302f</run_address>
         <size>0x113</size>
         <input_file_ref idref="fl-1a"/>
      </object_component>
      <object_component id="oc-132">
         <name>.debug_info</name>
         <load_address>0x3142</load_address>
         <run_address>0x3142</run_address>
         <size>0x113</size>
         <input_file_ref idref="fl-1a"/>
      </object_component>
      <object_component id="oc-138">
         <name>.debug_info</name>
         <load_address>0x3255</load_address>
         <run_address>0x3255</run_address>
         <size>0x113</size>
         <input_file_ref idref="fl-1a"/>
      </object_component>
      <object_component id="oc-13e">
         <name>.debug_info</name>
         <load_address>0x3368</load_address>
         <run_address>0x3368</run_address>
         <size>0x113</size>
         <input_file_ref idref="fl-1a"/>
      </object_component>
      <object_component id="oc-144">
         <name>.debug_info</name>
         <load_address>0x347b</load_address>
         <run_address>0x347b</run_address>
         <size>0x113</size>
         <input_file_ref idref="fl-1a"/>
      </object_component>
      <object_component id="oc-14a">
         <name>.debug_info</name>
         <load_address>0x358e</load_address>
         <run_address>0x358e</run_address>
         <size>0x111</size>
         <input_file_ref idref="fl-1a"/>
      </object_component>
      <object_component id="oc-150">
         <name>.debug_info</name>
         <load_address>0x369f</load_address>
         <run_address>0x369f</run_address>
         <size>0x111</size>
         <input_file_ref idref="fl-1a"/>
      </object_component>
      <object_component id="oc-156">
         <name>.debug_info</name>
         <load_address>0x37b0</load_address>
         <run_address>0x37b0</run_address>
         <size>0x111</size>
         <input_file_ref idref="fl-1a"/>
      </object_component>
      <object_component id="oc-15c">
         <name>.debug_info</name>
         <load_address>0x38c1</load_address>
         <run_address>0x38c1</run_address>
         <size>0x111</size>
         <input_file_ref idref="fl-1a"/>
      </object_component>
      <object_component id="oc-162">
         <name>.debug_info</name>
         <load_address>0x39d2</load_address>
         <run_address>0x39d2</run_address>
         <size>0x117</size>
         <input_file_ref idref="fl-1a"/>
      </object_component>
      <object_component id="oc-168">
         <name>.debug_info</name>
         <load_address>0x3ae9</load_address>
         <run_address>0x3ae9</run_address>
         <size>0x117</size>
         <input_file_ref idref="fl-1a"/>
      </object_component>
      <object_component id="oc-16e">
         <name>.debug_info</name>
         <load_address>0x3c00</load_address>
         <run_address>0x3c00</run_address>
         <size>0x117</size>
         <input_file_ref idref="fl-1a"/>
      </object_component>
      <object_component id="oc-174">
         <name>.debug_info</name>
         <load_address>0x3d17</load_address>
         <run_address>0x3d17</run_address>
         <size>0x117</size>
         <input_file_ref idref="fl-1a"/>
      </object_component>
      <object_component id="oc-17a">
         <name>.debug_info</name>
         <load_address>0x3e2e</load_address>
         <run_address>0x3e2e</run_address>
         <size>0x117</size>
         <input_file_ref idref="fl-1a"/>
      </object_component>
      <object_component id="oc-180">
         <name>.debug_info</name>
         <load_address>0x3f45</load_address>
         <run_address>0x3f45</run_address>
         <size>0x117</size>
         <input_file_ref idref="fl-1a"/>
      </object_component>
      <object_component id="oc-186">
         <name>.debug_info</name>
         <load_address>0x405c</load_address>
         <run_address>0x405c</run_address>
         <size>0x117</size>
         <input_file_ref idref="fl-1a"/>
      </object_component>
      <object_component id="oc-18c">
         <name>.debug_info</name>
         <load_address>0x4173</load_address>
         <run_address>0x4173</run_address>
         <size>0x117</size>
         <input_file_ref idref="fl-1a"/>
      </object_component>
      <object_component id="oc-192">
         <name>.debug_info</name>
         <load_address>0x428a</load_address>
         <run_address>0x428a</run_address>
         <size>0x117</size>
         <input_file_ref idref="fl-1a"/>
      </object_component>
      <object_component id="oc-198">
         <name>.debug_info</name>
         <load_address>0x43a1</load_address>
         <run_address>0x43a1</run_address>
         <size>0x117</size>
         <input_file_ref idref="fl-1a"/>
      </object_component>
      <object_component id="oc-19e">
         <name>.debug_info</name>
         <load_address>0x44b8</load_address>
         <run_address>0x44b8</run_address>
         <size>0x111</size>
         <input_file_ref idref="fl-1a"/>
      </object_component>
      <object_component id="oc-1a4">
         <name>.debug_info</name>
         <load_address>0x45c9</load_address>
         <run_address>0x45c9</run_address>
         <size>0x11b</size>
         <input_file_ref idref="fl-1a"/>
      </object_component>
      <object_component id="oc-1aa">
         <name>.debug_info</name>
         <load_address>0x46e4</load_address>
         <run_address>0x46e4</run_address>
         <size>0x111</size>
         <input_file_ref idref="fl-1a"/>
      </object_component>
      <object_component id="oc-1b0">
         <name>.debug_info</name>
         <load_address>0x47f5</load_address>
         <run_address>0x47f5</run_address>
         <size>0x11b</size>
         <input_file_ref idref="fl-1a"/>
      </object_component>
      <object_component id="oc-1b6">
         <name>.debug_info</name>
         <load_address>0x4910</load_address>
         <run_address>0x4910</run_address>
         <size>0x117</size>
         <input_file_ref idref="fl-1a"/>
      </object_component>
      <object_component id="oc-1bc">
         <name>.debug_info</name>
         <load_address>0x4a27</load_address>
         <run_address>0x4a27</run_address>
         <size>0x117</size>
         <input_file_ref idref="fl-1a"/>
      </object_component>
      <object_component id="oc-1c2">
         <name>.debug_info</name>
         <load_address>0x4b3e</load_address>
         <run_address>0x4b3e</run_address>
         <size>0x117</size>
         <input_file_ref idref="fl-1a"/>
      </object_component>
      <object_component id="oc-1c8">
         <name>.debug_info</name>
         <load_address>0x4c55</load_address>
         <run_address>0x4c55</run_address>
         <size>0x117</size>
         <input_file_ref idref="fl-1a"/>
      </object_component>
      <object_component id="oc-1ce">
         <name>.debug_info</name>
         <load_address>0x4d6c</load_address>
         <run_address>0x4d6c</run_address>
         <size>0x113</size>
         <input_file_ref idref="fl-1a"/>
      </object_component>
      <object_component id="oc-1d4">
         <name>.debug_info</name>
         <load_address>0x4e7f</load_address>
         <run_address>0x4e7f</run_address>
         <size>0x113</size>
         <input_file_ref idref="fl-1a"/>
      </object_component>
      <object_component id="oc-1da">
         <name>.debug_info</name>
         <load_address>0x4f92</load_address>
         <run_address>0x4f92</run_address>
         <size>0x119</size>
         <input_file_ref idref="fl-1a"/>
      </object_component>
      <object_component id="oc-1e0">
         <name>.debug_info</name>
         <load_address>0x50ab</load_address>
         <run_address>0x50ab</run_address>
         <size>0x113</size>
         <input_file_ref idref="fl-1a"/>
      </object_component>
      <object_component id="oc-1e6">
         <name>.debug_info</name>
         <load_address>0x51be</load_address>
         <run_address>0x51be</run_address>
         <size>0x113</size>
         <input_file_ref idref="fl-1a"/>
      </object_component>
      <object_component id="oc-1ec">
         <name>.debug_info</name>
         <load_address>0x52d1</load_address>
         <run_address>0x52d1</run_address>
         <size>0x113</size>
         <input_file_ref idref="fl-1a"/>
      </object_component>
      <object_component id="oc-1f2">
         <name>.debug_info</name>
         <load_address>0x53e4</load_address>
         <run_address>0x53e4</run_address>
         <size>0x119</size>
         <input_file_ref idref="fl-1a"/>
      </object_component>
      <object_component id="oc-1f8">
         <name>.debug_info</name>
         <load_address>0x54fd</load_address>
         <run_address>0x54fd</run_address>
         <size>0x113</size>
         <input_file_ref idref="fl-1a"/>
      </object_component>
      <object_component id="oc-1fe">
         <name>.debug_info</name>
         <load_address>0x5610</load_address>
         <run_address>0x5610</run_address>
         <size>0x113</size>
         <input_file_ref idref="fl-1a"/>
      </object_component>
      <object_component id="oc-204">
         <name>.debug_info</name>
         <load_address>0x5723</load_address>
         <run_address>0x5723</run_address>
         <size>0x113</size>
         <input_file_ref idref="fl-1a"/>
      </object_component>
      <object_component id="oc-20a">
         <name>.debug_info</name>
         <load_address>0x5836</load_address>
         <run_address>0x5836</run_address>
         <size>0x115</size>
         <input_file_ref idref="fl-1a"/>
      </object_component>
      <object_component id="oc-210">
         <name>.debug_info</name>
         <load_address>0x594b</load_address>
         <run_address>0x594b</run_address>
         <size>0x115</size>
         <input_file_ref idref="fl-1a"/>
      </object_component>
      <object_component id="oc-216">
         <name>.debug_info</name>
         <load_address>0x5a60</load_address>
         <run_address>0x5a60</run_address>
         <size>0x115</size>
         <input_file_ref idref="fl-1a"/>
      </object_component>
      <object_component id="oc-21c">
         <name>.debug_info</name>
         <load_address>0x5b75</load_address>
[...]
         <name>ADCC3_ISR</name>
         <value>0x817d</value>
         <object_component_ref idref="oc-31d"/>
      </symbol>
      <symbol id="sm-4c8">
         <name>ADCB3_ISR</name>
         <value>0x814b</value>
         <object_component_ref idref="oc-1fd"/>
      </symbol>
      <symbol id="sm-4c9">
         <name>DMA_CH5_ISR</name>
         <value>0x829f</value>
         <object_component_ref idref="oc-191"/>
      </symbol>
      <symbol id="sm-4ca">
         <name>SDFM2DR2_ISR</name>
         <value>0x853d</value>
         <object_component_ref idref="oc-299"/>
      </symbol>
      <symbol id="sm-4cb">
         <name>XINT4_ISR</name>
         <value>0x8655</value>
         <object_component_ref idref="oc-23f"/>
      </symbol>
      <symbol id="sm-4cc">
         <name>EQEP1_ISR</name>
         <value>0x8385</value>
         <object_component_ref idref="oc-13d"/>
      </symbol>
      <symbol id="sm-4cd">
         <name>CLA1_6_ISR</name>
         <value>0x81ff</value>
         <object_component_ref idref="oc-227"/>
      </symbol>
      <symbol id="sm-4ce">
         <name>SYS_ERR_ISR</name>
         <value>0x858d</value>
         <object_component_ref idref="oc-263"/>
      </symbol>
      <symbol id="sm-4cf">
         <name>NOTUSED_ISR</name>
         <value>0x849d</value>
         <object_component_ref idref="oc-35f"/>
      </symbol>
      <symbol id="sm-4d0">
         <name>LINA_1_ISR</name>
         <value>0x8443</value>
         <object_component_ref idref="oc-2cf"/>
      </symbol>
      <symbol id="sm-4d1">
         <name>SPIA_RX_ISR</name>
         <value>0x8565</value>
         <object_component_ref idref="oc-161"/>
      </symbol>
      <symbol id="sm-4d2">
         <name>SPIA_TX_ISR</name>
         <value>0x856f</value>
         <object_component_ref idref="oc-167"/>
      </symbol>
      <symbol id="sm-4d3">
         <name>EPWM5_ISR</name>
         <value>0x8335</value>
         <object_component_ref idref="oc-113"/>
      </symbol>
      <symbol id="sm-4d4">
         <name>DMA_CH6_ISR</name>
         <value>0x82a9</value>
         <object_component_ref idref="oc-197"/>
      </symbol>
      <symbol id="sm-4d5">
         <name>SDFM1DR1_ISR</name>
         <value>0x8501</value>
         <object_component_ref idref="oc-27b"/>
      </symbol>
      <symbol id="sm-4d6">
         <name>SDFM2DR3_ISR</name>
         <value>0x8547</value>
         <object_component_ref idref="oc-29f"/>
      </symbol>
      <symbol id="sm-4d7">
         <name>FPU_UNDERFLOW_ISR</name>
         <value>0x83b7</value>
         <object_component_ref idref="oc-25d"/>
      </symbol>
      <symbol id="sm-4d8">
         <name>USER5_ISR</name>
         <value>0x85fb</value>
         <object_component_ref idref="oc-71"/>
      </symbol>
      <symbol id="sm-4d9">
         <name>EQEP2_ISR</name>
         <value>0x838f</value>
         <object_component_ref idref="oc-143"/>
      </symbol>
      <symbol id="sm-4da">
         <name>CLA1_7_ISR</name>
         <value>0x8209</value>
         <object_component_ref idref="oc-22d"/>
      </symbol>
      <symbol id="sm-4db">
         <name>CLB1_ISR</name>
         <value>0x8231</value>
         <object_component_ref idref="oc-149"/>
      </symbol>
      <symbol id="sm-4dc">
         <name>EPWM4_TZ_ISR</name>
         <value>0x832b</value>
         <object_component_ref idref="oc-dd"/>
      </symbol>
      <symbol id="sm-4dd">
         <name>FSITXA1_ISR</name>
         <value>0x83d5</value>
         <object_component_ref idref="oc-2ab"/>
      </symbol>
      <symbol id="sm-4de">
         <name>EPWM3_TZ_ISR</name>
         <value>0x8317</value>
         <object_component_ref idref="oc-d7"/>
      </symbol>
      <symbol id="sm-4df">
         <name>EPWM6_ISR</name>
         <value>0x8349</value>
         <object_component_ref idref="oc-119"/>
      </symbol>
      <symbol id="sm-4e0">
         <name>RAM_ACC_VIOL_ISR</name>
         <value>0x84bb</value>
         <object_component_ref idref="oc-335"/>
      </symbol>
      <symbol id="sm-4e1">
         <name>MCANA_ECC_ISR</name>
         <value>0x8475</value>
         <object_component_ref idref="oc-2f9"/>
      </symbol>
      <symbol id="sm-4e2">
         <name>ADCB_EVT_ISR</name>
         <value>0x815f</value>
         <object_component_ref idref="oc-1f1"/>
      </symbol>
      <symbol id="sm-4e3">
         <name>EPWM8_ISR</name>
         <value>0x8371</value>
         <object_component_ref idref="oc-125"/>
      </symbol>
      <symbol id="sm-4e4">
         <name>EMU_ISR</name>
         <value>0x82db</value>
         <object_component_ref idref="oc-47"/>
      </symbol>
      <symbol id="sm-4e5">
         <name>USER11_ISR</name>
         <value>0x85bf</value>
         <object_component_ref idref="oc-95"/>
      </symbol>
      <symbol id="sm-4e6">
         <name>SDFM1DR2_ISR</name>
         <value>0x850b</value>
         <object_component_ref idref="oc-281"/>
      </symbol>
      <symbol id="sm-4e7">
         <name>USER4_ISR</name>
         <value>0x85f1</value>
         <object_component_ref idref="oc-6b"/>
      </symbol>
      <symbol id="sm-4e8">
         <name>SDFM2_ISR</name>
         <value>0x855b</value>
         <object_component_ref idref="oc-275"/>
      </symbol>
      <symbol id="sm-4e9">
         <name>BGCRC_ISR</name>
         <value>0x81af</value>
         <object_component_ref idref="oc-305"/>
      </symbol>
      <symbol id="sm-4ea">
         <name>SCIA_RX_ISR</name>
         <value>0x84d9</value>
         <object_component_ref idref="oc-1b5"/>
      </symbol>
      <symbol id="sm-4eb">
         <name>SCIA_TX_ISR</name>
         <value>0x84e3</value>
         <object_component_ref idref="oc-1bb"/>
      </symbol>
      <symbol id="sm-4ec">
         <name>CLB2_ISR</name>
         <value>0x823b</value>
         <object_component_ref idref="oc-14f"/>
      </symbol>
      <symbol id="sm-4ed">
         <name>ECAP1_ISR</name>
         <value>0x82b3</value>
         <object_component_ref idref="oc-12b"/>
      </symbol>
      <symbol id="sm-4ee">
         <name>ADCA4_ISR</name>
         <value>0x8123</value>
         <object_component_ref idref="oc-1eb"/>
      </symbol>
      <symbol id="sm-4ef">
         <name>FPU_OVERFLOW_ISR</name>
         <value>0x83ad</value>
         <object_component_ref idref="oc-257"/>
      </symbol>
      <symbol id="sm-4f0">
         <name>ADCC4_ISR</name>
         <value>0x8187</value>
         <object_component_ref idref="oc-323"/>
      </symbol>
      <symbol id="sm-4f1">
         <name>ADCB4_ISR</name>
         <value>0x8155</value>
         <object_component_ref idref="oc-203"/>
      </symbol>
      <symbol id="sm-4f2">
         <name>FSITXA2_ISR</name>
         <value>0x83df</value>
         <object_component_ref idref="oc-2b1"/>
      </symbol>
      <symbol id="sm-4f3">
         <name>EPWM7_ISR</name>
         <value>0x835d</value>
         <object_component_ref idref="oc-11f"/>
      </symbol>
      <symbol id="sm-4f4">
         <name>USER10_ISR</name>
         <value>0x85b5</value>
         <object_component_ref idref="oc-8f"/>
      </symbol>
      <symbol id="sm-4f5">
         <name>SDFM1DR3_ISR</name>
         <value>0x8515</value>
         <object_component_ref idref="oc-287"/>
      </symbol>
      <symbol id="sm-4f6">
         <name>XINT1_ISR</name>
         <value>0x8637</value>
         <object_component_ref idref="oc-b3"/>
      </symbol>
      <symbol id="sm-4f7">
         <name>USER7_ISR</name>
         <value>0x860f</value>
         <object_component_ref idref="oc-7d"/>
      </symbol>
      <symbol id="sm-4f8">
         <name>CLA1_1_ISR</name>
         <value>0x81cd</value>
         <object_component_ref idref="oc-209"/>
      </symbol>
      <symbol id="sm-4f9">
         <name>MCANA_WAKE_ISR</name>
         <value>0x847f</value>
         <object_component_ref idref="oc-2ff"/>
      </symbol>
      <symbol id="sm-4fa">
         <name>USER9_ISR</name>
         <value>0x8623</value>
         <object_component_ref idref="oc-89"/>
      </symbol>
      <symbol id="sm-4fb">
         <name>CLB3_ISR</name>
         <value>0x8245</value>
         <object_component_ref idref="oc-155"/>
      </symbol>
      <symbol id="sm-4fc">
         <name>ECAP2_ISR</name>
         <value>0x82bd</value>
         <object_component_ref idref="oc-131"/>
      </symbol>
      <symbol id="sm-4fd">
         <name>EPWM5_TZ_ISR</name>
         <value>0x833f</value>
         <object_component_ref idref="oc-e3"/>
      </symbol>
      <symbol id="sm-4fe">
         <name>I2CB_FIFO_ISR</name>
         <value>0x8407</value>
         <object_component_ref idref="oc-1af"/>
      </symbol>
      <symbol id="sm-4ff">
         <name>SDFM2DR4_ISR</name>
         <value>0x8551</value>
         <object_component_ref idref="oc-2a5"/>
      </symbol>
      <symbol id="sm-500">
         <name>DMA_CH1_ISR</name>
         <value>0x8277</value>
         <object_component_ref idref="oc-179"/>
      </symbol>
      <symbol id="sm-501">
         <name>CLA1_8_ISR</name>
         <value>0x8213</value>
         <object_component_ref idref="oc-233"/>
      </symbol>
      <symbol id="sm-502">
         <name>USER6_ISR</name>
         <value>0x8605</value>
         <object_component_ref idref="oc-77"/>
      </symbol>
      <symbol id="sm-503">
         <name>CLA1_2_ISR</name>
         <value>0x81d7</value>
         <object_component_ref idref="oc-20f"/>
      </symbol>
      <symbol id="sm-504">
         <name>USER8_ISR</name>
         <value>0x8619</value>
         <object_component_ref idref="oc-83"/>
      </symbol>
      <symbol id="sm-505">
         <name>CLB4_ISR</name>
         <value>0x824f</value>
         <object_component_ref idref="oc-15b"/>
      </symbol>
      <symbol id="sm-506">
         <name>SPIB_RX_ISR</name>
         <value>0x8579</value>
         <object_component_ref idref="oc-16d"/>
      </symbol>
      <symbol id="sm-507">
         <name>SPIB_TX_ISR</name>
         <value>0x8583</value>
         <object_component_ref idref="oc-173"/>
      </symbol>
      <symbol id="sm-508">
         <name>ECAP3_ISR</name>
         <value>0x82d1</value>
         <object_component_ref idref="oc-137"/>
      </symbol>
      <symbol id="sm-509">
         <name>EPWM1_ISR</name>
         <value>0x82e5</value>
         <object_component_ref idref="oc-fb"/>
      </symbol>
      <symbol id="sm-50a">
         <name>DMA_CH2_ISR</name>
         <value>0x8281</value>
         <object_component_ref idref="oc-17f"/>
      </symbol>
      <symbol id="sm-50b">
         <name>USER12_ISR</name>
         <value>0x85c9</value>
         <object_component_ref idref="oc-9b"/>
      </symbol>
      <symbol id="sm-50c">
         <name>XINT3_ISR</name>
         <value>0x864b</value>
         <object_component_ref idref="oc-239"/>
      </symbol>
      <symbol id="sm-50d">
         <name>USER1_ISR</name>
         <value>0x85d3</value>
         <object_component_ref idref="oc-59"/>
      </symbol>
      <symbol id="sm-50e">
         <name>CLA1_3_ISR</name>
         <value>0x81e1</value>
         <object_component_ref idref="oc-215"/>
      </symbol>
      <symbol id="sm-50f">
         <name>I2CA_ISR</name>
         <value>0x83fd</value>
         <object_component_ref idref="oc-19d"/>
      </symbol>
      <symbol id="sm-510">
         <name>HICA_ISR</name>
         <value>0x83e9</value>
         <object_component_ref idref="oc-30b"/>
      </symbol>
      <symbol id="sm-511">
         <name>CANA0_ISR</name>
         <value>0x81b9</value>
         <object_component_ref idref="oc-1cd"/>
      </symbol>
      <symbol id="sm-512">
         <name>LINB_0_ISR</name>
         <value>0x844d</value>
         <object_component_ref idref="oc-2d5"/>
      </symbol>
      <symbol id="sm-513">
         <name>FSIRXA1_ISR</name>
         <value>0x83c1</value>
         <object_component_ref idref="oc-2b7"/>
      </symbol>
      <symbol id="sm-514">
         <name>EPWM1_TZ_ISR</name>
         <value>0x82ef</value>
         <object_component_ref idref="oc-cb"/>
      </symbol>
      <symbol id="sm-515">
         <name>I2CA_FIFO_ISR</name>
         <value>0x83f3</value>
         <object_component_ref idref="oc-1a3"/>
      </symbol>
      <symbol id="sm-516">
         <name>EPWM2_ISR</name>
         <value>0x82f9</value>
         <object_component_ref idref="oc-101"/>
      </symbol>
      <symbol id="sm-517">
         <name>SDFM1DR4_ISR</name>
         <value>0x851f</value>
         <object_component_ref idref="oc-28d"/>
      </symbol>
      <symbol id="sm-518">
         <name>DMA_CH3_ISR</name>
         <value>0x828b</value>
         <object_component_ref idref="oc-185"/>
      </symbol>
      <symbol id="sm-519">
         <name>FMC_ISR</name>
         <value>0x83a3</value>
         <object_component_ref idref="oc-251"/>
      </symbol>
      <symbol id="sm-51a">
         <name>ADCC_EVT_ISR</name>
         <value>0x8191</value>
         <object_component_ref idref="oc-311"/>
      </symbol>
      <symbol id="sm-51b">
         <name>DATALOG_ISR</name>
         <value>0x8259</value>
         <object_component_ref idref="oc-3b"/>
      </symbol>
      <symbol id="sm-51c">
         <name>XINT2_ISR</name>
         <value>0x8641</value>
         <object_component_ref idref="oc-b9"/>
      </symbol>
      <symbol id="sm-51d">
         <name>MCANA_0_ISR</name>
         <value>0x8461</value>
         <object_component_ref idref="oc-2ed"/>
      </symbol>
      <symbol id="sm-51e">
         <name>AES_SINTREQUEST_ISR</name>
         <value>0x819b</value>
         <object_component_ref idref="oc-33b"/>
      </symbol>
      <symbol id="sm-51f">
         <name>PIE_RESERVED_ISR</name>
         <value>0x84a7</value>
         <object_component_ref idref="oc-353"/>
      </symbol>
      <symbol id="sm-520">
         <name>SCIB_RX_ISR</name>
         <value>0x84ed</value>
         <object_component_ref idref="oc-1c1"/>
      </symbol>
      <symbol id="sm-521">
         <name>FLASH_CORR_ERR_ISR</name>
         <value>0x8399</value>
         <object_component_ref idref="oc-32f"/>
      </symbol>
      <symbol id="sm-522">
         <name>SCIB_TX_ISR</name>
         <value>0x84f7</value>
         <object_component_ref idref="oc-1c7"/>
      </symbol>
      <symbol id="sm-523">
         <name>I2CB_ISR</name>
         <value>0x8411</value>
         <object_component_ref idref="oc-1a9"/>
      </symbol>
      <symbol id="sm-524">
         <name>CANA1_ISR</name>
         <value>0x81c3</value>
         <object_component_ref idref="oc-1d3"/>
      </symbol>
      <symbol id="sm-525">
         <name>LINB_1_ISR</name>
         <value>0x8457</value>
         <object_component_ref idref="oc-2db"/>
      </symbol>
      <symbol id="sm-526">
         <name>FSIRXA2_ISR</name>
         <value>0x83cb</value>
         <object_component_ref idref="oc-2bd"/>
      </symbol>
      <symbol id="sm-527">
         <name>ILLEGAL_ISR</name>
         <value>0x841b</value>
         <object_component_ref idref="oc-53"/>
      </symbol>
      <symbol id="sm-528">
         <name>EPWM3_ISR</name>
         <value>0x830d</value>
         <object_component_ref idref="oc-107"/>
      </symbol>
      <symbol id="sm-529">
         <name>TIMER0_ISR</name>
         <value>0x8597</value>
         <object_component_ref idref="oc-bf"/>
      </symbol>
      <symbol id="sm-52a">
         <name>BGCRC_CLA1_ISR</name>
         <value>0x81a5</value>
         <object_component_ref idref="oc-341"/>
      </symbol>
      <symbol id="sm-52b">
         <name>USER3_ISR</name>
         <value>0x85e7</value>
         <object_component_ref idref="oc-65"/>
      </symbol>
      <symbol id="sm-52c">
         <name>MCANA_1_ISR</name>
         <value>0x846b</value>
         <object_component_ref idref="oc-2f3"/>
      </symbol>
      <symbol id="sm-53c">
         <name>PieVectTableInit</name>
         <value>0xa800</value>
         <object_component_ref idref="oc-32"/>
      </symbol>
      <symbol id="sm-56f">
         <name>Interrupt_defaultHandler</name>
         <value>0x80d6</value>
         <object_component_ref idref="oc-365"/>
      </symbol>
      <symbol id="sm-570">
         <name>Interrupt_nmiHandler</name>
         <value>0x842f</value>
         <object_component_ref idref="oc-377"/>
      </symbol>
      <symbol id="sm-571">
         <name>Interrupt_initVectorTable</name>
         <value>0x8084</value>
         <object_component_ref idref="oc-366"/>
      </symbol>
      <symbol id="sm-572">
         <name>Interrupt_illegalOperationHandler</name>
         <value>0x8425</value>
         <object_component_ref idref="oc-371"/>
      </symbol>
      <symbol id="sm-586">
         <name>_c_int00</name>
         <value>0x80bf</value>
         <object_component_ref idref="oc-22"/>
      </symbol>
      <symbol id="sm-587">
         <name>__stack</name>
         <value>0x400</value>
         <object_component_ref idref="oc-37d"/>
      </symbol>
      <symbol id="sm-597">
         <name>_system_pre_init</name>
         <value>0x8684</value>
         <object_component_ref idref="oc-394"/>
      </symbol>
      <symbol id="sm-5a6">
         <name>__TI_auto_init_nobinit_nopinit</name>
         <value>0x8030</value>
         <object_component_ref idref="oc-453"/>
      </symbol>
      <symbol id="sm-5b4">
         <name>__TI_decompress_none</name>
         <value>0x8672</value>
         <object_component_ref idref="oc-1b"/>
      </symbol>
      <symbol id="sm-5c8">
         <name>__TI_decompress_lzss</name>
         <value>0x8000</value>
         <object_component_ref idref="oc-15"/>
      </symbol>
      <symbol id="sm-5de">
         <name>C$$EXIT</name>
         <value>0x805b</value>
         <object_component_ref idref="oc-3a1"/>
      </symbol>
      <symbol id="sm-5df">
         <name>abort</name>
         <value>0x805b</value>
         <object_component_ref idref="oc-3a1"/>
      </symbol>
      <symbol id="sm-5e0">
         <name>exit</name>
         <value>0x805d</value>
         <object_component_ref idref="oc-3a1"/>
      </symbol>
      <symbol id="sm-5e1">
         <name>__TI_dtors_ptr</name>
         <value>0xa9c4</value>
         <object_component_ref idref="oc-48b"/>
      </symbol>
      <symbol id="sm-5e2">
         <name>__TI_cleanup_ptr</name>
         <value>0xa9c2</value>
         <object_component_ref idref="oc-48b"/>
      </symbol>
      <symbol id="sm-5e3">
         <name>__TI_enable_exit_profile_output</name>
         <value>0xa9c0</value>
         <object_component_ref idref="oc-48b"/>
      </symbol>
      <symbol id="sm-5fa">
         <name>_nop</name>
         <value>0x8671</value>
         <object_component_ref idref="oc-4c4"/>
      </symbol>
      <symbol id="sm-5fb">
         <name>_lock</name>
         <value>0xa9c6</value>
         <object_component_ref idref="oc-48e"/>
      </symbol>
      <symbol id="sm-5fc">
         <name>_unlock</name>
         <value>0xa9c8</value>
         <object_component_ref idref="oc-4dd"/>
      </symbol>
      <symbol id="sm-5fd">
         <name>_register_lock</name>
         <value>0x866d</value>
         <object_component_ref idref="oc-4c4"/>
      </symbol>
      <symbol id="sm-5fe">
         <name>_register_unlock</name>
         <value>0x8669</value>
         <object_component_ref idref="oc-4c4"/>
      </symbol>
      <symbol id="sm-60d">
         <name>_args_main</name>
         <value>0x80f9</value>
         <object_component_ref idref="oc-39b"/>
      </symbol>
      <symbol id="sm-621">
         <name>memcpy</name>
         <value>0x80a2</value>
         <object_component_ref idref="oc-380"/>
      </symbol>
      <symbol id="sm-62e">
         <name>_system_post_cinit</name>
         <value>0x8686</value>
         <object_component_ref idref="oc-4a8"/>
      </symbol>
      <symbol id="sm-630">
         <name>__c_args__</name>
         <value>0x0</value>
      </symbol>
   </symbol_table>
   <title>Link successful</title>
</link_info>
