<?xml version="1.0" encoding="ISO-8859-1" ?>
<link_info>
   <banner>TMS320C2000 Linker PC v22.6.1.LTS</banner>
   <copyright>Copyright (c) 1996-2018 Texas Instruments Incorporated</copyright>
   <link_time>0x6786258b</link_time>
   <link_errors>0x0</link_errors>
   <output_file>TMS39C.out</output_file>
   <entry_point>
      <name>_c_int00</name>
      <address>0x83f6</address>
   </entry_point>
   <input_file_list>
      <input_file id="fl-2">
         <path>.\BSP\src\</path>
         <kind>object</kind>
         <file>BSP_F280039C_IO.obj</file>
         <name>BSP_F280039C_IO.obj</name>
      </input_file>
      <input_file id="fl-3">
         <path>.\BSP\src\</path>
         <kind>object</kind>
         <file>BSP_F280039C_Init.obj</file>
         <name>BSP_F280039C_Init.obj</name>
      </input_file>
      <input_file id="fl-4">
         <path>.\Driver\src\</path>
         <kind>object</kind>
         <file>adc.obj</file>
         <name>adc.obj</name>
      </input_file>
      <input_file id="fl-5">
         <path>.\Driver\src\</path>
         <kind>object</kind>
         <file>aes.obj</file>
         <name>aes.obj</name>
      </input_file>
      <input_file id="fl-6">
         <path>.\Driver\src\</path>
         <kind>object</kind>
         <file>asysctl.obj</file>
         <name>asysctl.obj</name>
      </input_file>
      <input_file id="fl-7">
         <path>.\Driver\src\</path>
         <kind>object</kind>
         <file>bgcrc.obj</file>
         <name>bgcrc.obj</name>
      </input_file>
      <input_file id="fl-8">
         <path>.\Driver\src\</path>
         <kind>object</kind>
         <file>can.obj</file>
         <name>can.obj</name>
      </input_file>
      <input_file id="fl-9">
         <path>.\Driver\src\</path>
         <kind>object</kind>
         <file>cla.obj</file>
         <name>cla.obj</name>
      </input_file>
      <input_file id="fl-a">
         <path>.\Driver\src\</path>
         <kind>object</kind>
         <file>clb.obj</file>
         <name>clb.obj</name>
      </input_file>
      <input_file id="fl-b">
         <path>.\Driver\src\</path>
         <kind>object</kind>
         <file>cmpss.obj</file>
         <name>cmpss.obj</name>
      </input_file>
      <input_file id="fl-c">
         <path>.\Driver\src\</path>
         <kind>object</kind>
         <file>cputimer.obj</file>
         <name>cputimer.obj</name>
      </input_file>
      <input_file id="fl-d">
         <path>.\Driver\src\</path>
         <kind>object</kind>
         <file>dac.obj</file>
         <name>dac.obj</name>
      </input_file>
      <input_file id="fl-e">
         <path>.\Driver\src\</path>
         <kind>object</kind>
         <file>dcc.obj</file>
         <name>dcc.obj</name>
      </input_file>
      <input_file id="fl-f">
         <path>.\Driver\src\</path>
         <kind>object</kind>
         <file>dcsm.obj</file>
         <name>dcsm.obj</name>
      </input_file>
      <input_file id="fl-10">
         <path>.\Driver\src\</path>
         <kind>object</kind>
         <file>device.obj</file>
         <name>device.obj</name>
      </input_file>
      <input_file id="fl-11">
         <path>.\Driver\src\</path>
         <kind>object</kind>
         <file>dma.obj</file>
         <name>dma.obj</name>
      </input_file>
      <input_file id="fl-12">
         <path>.\Driver\src\</path>
         <kind>object</kind>
         <file>ecap.obj</file>
         <name>ecap.obj</name>
      </input_file>
      <input_file id="fl-13">
         <path>.\Driver\src\</path>
         <kind>object</kind>
         <file>epg.obj</file>
         <name>epg.obj</name>
      </input_file>
      <input_file id="fl-14">
         <path>.\Driver\src\</path>
         <kind>object</kind>
         <file>epwm.obj</file>
         <name>epwm.obj</name>
      </input_file>
      <input_file id="fl-15">
         <path>.\Driver\src\</path>
         <kind>object</kind>
         <file>eqep.obj</file>
         <name>eqep.obj</name>
      </input_file>
      <input_file id="fl-16">
         <path>.\Driver\src\</path>
         <kind>object</kind>
         <file>erad.obj</file>
         <name>erad.obj</name>
      </input_file>
      <input_file id="fl-17">
         <path>.\Driver\src\</path>
         <kind>object</kind>
         <file>f28003x_adc.obj</file>
         <name>f28003x_adc.obj</name>
      </input_file>
      <input_file id="fl-18">
         <path>.\Driver\src\</path>
         <kind>object</kind>
         <file>f28003x_codestartbranch.obj</file>
         <name>f28003x_codestartbranch.obj</name>
      </input_file>
      <input_file id="fl-19">
         <path>.\Driver\src\</path>
         <kind>object</kind>
         <file>f28003x_cputimers.obj</file>
         <name>f28003x_cputimers.obj</name>
      </input_file>
      <input_file id="fl-1a">
         <path>.\Driver\src\</path>
         <kind>object</kind>
         <file>f28003x_dbgier.obj</file>
         <name>f28003x_dbgier.obj</name>
      </input_file>
      <input_file id="fl-1b">
         <path>.\Driver\src\</path>
         <kind>object</kind>
         <file>f28003x_defaultisr.obj</file>
         <name>f28003x_defaultisr.obj</name>
      </input_file>
      <input_file id="fl-1c">
         <path>.\Driver\src\</path>
         <kind>object</kind>
         <file>f28003x_dma.obj</file>
         <name>f28003x_dma.obj</name>
      </input_file>
      <input_file id="fl-1d">
         <path>.\Driver\src\</path>
         <kind>object</kind>
         <file>f28003x_epwm.obj</file>
         <name>f28003x_epwm.obj</name>
      </input_file>
      <input_file id="fl-1e">
         <path>.\Driver\src\</path>
         <kind>object</kind>
         <file>f28003x_globalvariabledefs.obj</file>
         <name>f28003x_globalvariabledefs.obj</name>
      </input_file>
      <input_file id="fl-1f">
         <path>.\Driver\src\</path>
         <kind>object</kind>
         <file>f28003x_gpio.obj</file>
         <name>f28003x_gpio.obj</name>
      </input_file>
      <input_file id="fl-20">
         <path>.\Driver\src\</path>
         <kind>object</kind>
         <file>f28003x_piectrl.obj</file>
         <name>f28003x_piectrl.obj</name>
      </input_file>
      <input_file id="fl-21">
         <path>.\Driver\src\</path>
         <kind>object</kind>
         <file>f28003x_pievect.obj</file>
         <name>f28003x_pievect.obj</name>
      </input_file>
      <input_file id="fl-22">
         <path>.\Driver\src\</path>
         <kind>object</kind>
         <file>f28003x_spi.obj</file>
         <name>f28003x_spi.obj</name>
      </input_file>
      <input_file id="fl-23">
         <path>.\Driver\src\</path>
         <kind>object</kind>
         <file>f28003x_sysctrl.obj</file>
         <name>f28003x_sysctrl.obj</name>
      </input_file>
      <input_file id="fl-24">
         <path>.\Driver\src\</path>
         <kind>object</kind>
         <file>f28003x_tempsensorconv.obj</file>
         <name>f28003x_tempsensorconv.obj</name>
      </input_file>
      <input_file id="fl-25">
         <path>.\Driver\src\</path>
         <kind>object</kind>
         <file>f28003x_usdelay.obj</file>
         <name>f28003x_usdelay.obj</name>
      </input_file>
      <input_file id="fl-26">
         <path>.\Driver\src\</path>
         <kind>object</kind>
         <file>flash.obj</file>
         <name>flash.obj</name>
      </input_file>
      <input_file id="fl-27">
         <path>.\Driver\src\</path>
         <kind>object</kind>
         <file>fsi.obj</file>
         <name>fsi.obj</name>
      </input_file>
      <input_file id="fl-28">
         <path>.\Driver\src\</path>
         <kind>object</kind>
         <file>gpio.obj</file>
         <name>gpio.obj</name>
      </input_file>
      <input_file id="fl-29">
         <path>.\Driver\src\</path>
         <kind>object</kind>
         <file>hic.obj</file>
         <name>hic.obj</name>
      </input_file>
      <input_file id="fl-2a">
         <path>.\Driver\src\</path>
         <kind>object</kind>
         <file>hrcap.obj</file>
         <name>hrcap.obj</name>
      </input_file>
      <input_file id="fl-2b">
         <path>.\Driver\src\</path>
         <kind>object</kind>
         <file>hrpwm.obj</file>
         <name>hrpwm.obj</name>
      </input_file>
      <input_file id="fl-2c">
         <path>.\Driver\src\</path>
         <kind>object</kind>
         <file>i2c.obj</file>
         <name>i2c.obj</name>
      </input_file>
      <input_file id="fl-2d">
         <path>.\Driver\src\</path>
         <kind>object</kind>
         <file>interrupt.obj</file>
         <name>interrupt.obj</name>
      </input_file>
      <input_file id="fl-2e">
         <path>.\Driver\src\</path>
         <kind>object</kind>
         <file>lin.obj</file>
         <name>lin.obj</name>
      </input_file>
      <input_file id="fl-2f">
         <path>.\Driver\src\</path>
         <kind>object</kind>
         <file>mcan.obj</file>
         <name>mcan.obj</name>
      </input_file>
      <input_file id="fl-30">
         <path>.\Driver\src\</path>
         <kind>object</kind>
         <file>memcfg.obj</file>
         <name>memcfg.obj</name>
      </input_file>
      <input_file id="fl-31">
         <path>.\Driver\src\</path>
         <kind>object</kind>
         <file>pmbus.obj</file>
         <name>pmbus.obj</name>
      </input_file>
      <input_file id="fl-32">
         <path>.\Driver\src\</path>
         <kind>object</kind>
         <file>sci.obj</file>
         <name>sci.obj</name>
      </input_file>
      <input_file id="fl-33">
         <path>.\Driver\src\</path>
         <kind>object</kind>
         <file>sdfm.obj</file>
         <name>sdfm.obj</name>
      </input_file>
      <input_file id="fl-34">
         <path>.\Driver\src\</path>
         <kind>object</kind>
         <file>spi.obj</file>
         <name>spi.obj</name>
      </input_file>
      <input_file id="fl-35">
         <path>.\Driver\src\</path>
         <kind>object</kind>
         <file>sysctl.obj</file>
         <name>sysctl.obj</name>
      </input_file>
      <input_file id="fl-36">
         <path>.\Driver\src\</path>
         <kind>object</kind>
         <file>version.obj</file>
         <name>version.obj</name>
      </input_file>
      <input_file id="fl-37">
         <path>.\Driver\src\</path>
         <kind>object</kind>
         <file>xbar.obj</file>
         <name>xbar.obj</name>
      </input_file>
      <input_file id="fl-38">
         <path>.\User\</path>
         <kind>object</kind>
         <file>main.obj</file>
         <name>main.obj</name>
      </input_file>
      <input_file id="fl-43">
         <kind>object</kind>
         <file>&lt;internal&gt;</file>
         <name>&lt;internal&gt;</name>
      </input_file>
      <input_file id="fl-44">
         <path>..\library\</path>
         <kind>archive</kind>
         <file>rts2800_fpu32_eabi.lib</file>
         <name>boot28.asm.obj</name>
      </input_file>
      <input_file id="fl-45">
         <path>..\library\</path>
         <kind>archive</kind>
         <file>rts2800_fpu32_eabi.lib</file>
         <name>fs_div28.asm.obj</name>
      </input_file>
      <input_file id="fl-46">
         <path>..\library\</path>
         <kind>archive</kind>
         <file>rts2800_fpu32_eabi.lib</file>
         <name>ll_cmp28.asm.obj</name>
      </input_file>
      <input_file id="fl-47">
         <path>..\library\</path>
         <kind>archive</kind>
         <file>rts2800_fpu32_eabi.lib</file>
         <name>l_div28.asm.obj</name>
      </input_file>
      <input_file id="fl-48">
         <path>..\library\</path>
         <kind>archive</kind>
         <file>rts2800_fpu32_eabi.lib</file>
         <name>pre_init.c.obj</name>
      </input_file>
      <input_file id="fl-49">
         <path>..\library\</path>
         <kind>archive</kind>
         <file>rts2800_fpu32_eabi.lib</file>
         <name>autoinit.c.obj</name>
      </input_file>
      <input_file id="fl-4a">
         <path>..\library\</path>
         <kind>archive</kind>
         <file>rts2800_fpu32_eabi.lib</file>
         <name>copy_zero_init.c.obj</name>
      </input_file>
      <input_file id="fl-4b">
         <path>..\library\</path>
         <kind>archive</kind>
         <file>rts2800_fpu32_eabi.lib</file>
         <name>copy_decompress_none.c.obj</name>
      </input_file>
      <input_file id="fl-4c">
         <path>..\library\</path>
         <kind>archive</kind>
         <file>rts2800_fpu32_eabi.lib</file>
         <name>copy_decompress_lzss.c.obj</name>
      </input_file>
      <input_file id="fl-4d">
         <path>..\library\</path>
         <kind>archive</kind>
         <file>rts2800_fpu32_eabi.lib</file>
         <name>exit.c.obj</name>
      </input_file>
      <input_file id="fl-4e">
         <path>..\library\</path>
         <kind>archive</kind>
         <file>rts2800_fpu32_eabi.lib</file>
         <name>_lock.c.obj</name>
      </input_file>
      <input_file id="fl-4f">
         <path>..\library\</path>
         <kind>archive</kind>
         <file>rts2800_fpu32_eabi.lib</file>
         <name>args_main.c.obj</name>
      </input_file>
      <input_file id="fl-50">
         <path>..\library\</path>
         <kind>archive</kind>
         <file>rts2800_fpu32_eabi.lib</file>
         <name>memset.c.obj</name>
      </input_file>
      <input_file id="fl-51">
         <path>..\library\</path>
         <kind>archive</kind>
         <file>rts2800_fpu32_eabi.lib</file>
         <name>cpy_tbl.c.obj</name>
      </input_file>
      <input_file id="fl-52">
         <path>..\library\</path>
         <kind>archive</kind>
         <file>rts2800_fpu32_eabi.lib</file>
         <name>memcpy.c.obj</name>
      </input_file>
      <input_file id="fl-53">
         <path>..\library\</path>
         <kind>archive</kind>
         <file>rts2800_fpu32_eabi.lib</file>
         <name>startup.c.obj</name>
      </input_file>
   </input_file_list>
   <object_component_list>
      <object_component id="oc-bb">
         <name>codestart</name>
         <load_address>0x0</load_address>
         <run_address>0x0</run_address>
         <size>0x2</size>
         <input_file_ref idref="fl-18"/>
      </object_component>
      <object_component id="oc-5f8">
         <name>.TI.ramfunc</name>
         <load_address>0x128</load_address>
         <run_address>0x128</run_address>
         <size>0x4</size>
         <input_file_ref idref="fl-25"/>
      </object_component>
      <object_component id="oc-592">
         <name>.text:InitSysPll</name>
         <load_address>0x8000</load_address>
         <run_address>0x8000</run_address>
         <size>0xe6</size>
         <input_file_ref idref="fl-23"/>
      </object_component>
      <object_component id="oc-5c4">
         <name>.text:IsPLLValid</name>
         <load_address>0x80e6</load_address>
         <run_address>0x80e6</run_address>
         <size>0xa0</size>
         <input_file_ref idref="fl-23"/>
      </object_component>
      <object_component id="oc-5e7">
         <name>.text</name>
         <load_address>0x8186</load_address>
         <run_address>0x8186</run_address>
         <size>0x88</size>
         <input_file_ref idref="fl-45"/>
      </object_component>
      <object_component id="oc-5ec">
         <name>.text:ComputeCntrSeedValue</name>
         <load_address>0x820e</load_address>
         <run_address>0x820e</run_address>
         <size>0x77</size>
         <input_file_ref idref="fl-23"/>
      </object_component>
      <object_component id="oc-598">
         <name>.text:InitPeripheralClocks</name>
         <load_address>0x8285</load_address>
         <run_address>0x8285</run_address>
         <size>0x77</size>
         <input_file_ref idref="fl-23"/>
      </object_component>
      <object_component id="oc-a9">
         <name>.text:decompress:lzss</name>
         <load_address>0x82fc</load_address>
         <run_address>0x82fc</run_address>
         <size>0x30</size>
         <input_file_ref idref="fl-4c"/>
      </object_component>
      <object_component id="oc-4e7">
         <name>.text:__TI_auto_init_nobinit_nopinit</name>
         <load_address>0x832c</load_address>
         <run_address>0x832c</run_address>
         <size>0x2b</size>
         <input_file_ref idref="fl-49"/>
      </object_component>
      <object_component id="oc-435">
         <name>.text</name>
         <load_address>0x8357</load_address>
         <run_address>0x8357</run_address>
         <size>0x29</size>
         <input_file_ref idref="fl-4d"/>
      </object_component>
      <object_component id="oc-5b8">
         <name>.text:SysXtalOscSel</name>
         <load_address>0x8380</load_address>
         <run_address>0x8380</run_address>
         <size>0x20</size>
         <input_file_ref idref="fl-23"/>
      </object_component>
      <object_component id="oc-3fa">
         <name>.text:Interrupt_initVectorTable</name>
         <load_address>0x83a0</load_address>
         <run_address>0x83a0</run_address>
         <size>0x1e</size>
         <input_file_ref idref="fl-2d"/>
      </object_component>
      <object_component id="oc-414">
         <name>.text</name>
         <load_address>0x83be</load_address>
         <run_address>0x83be</run_address>
         <size>0x1d</size>
         <input_file_ref idref="fl-52"/>
      </object_component>
      <object_component id="oc-5d9">
         <name>.text:PollX1Counter</name>
         <load_address>0x83db</load_address>
         <run_address>0x83db</run_address>
         <size>0x1b</size>
         <input_file_ref idref="fl-23"/>
      </object_component>
      <object_component id="oc-b6">
         <name>.text</name>
         <load_address>0x83f6</load_address>
         <run_address>0x83f6</run_address>
         <size>0x17</size>
         <input_file_ref idref="fl-44"/>
      </object_component>
      <object_component id="oc-3f9">
         <name>.text:Interrupt_defaultHandler</name>
         <load_address>0x840d</load_address>
         <run_address>0x840d</run_address>
         <size>0x16</size>
         <input_file_ref idref="fl-2d"/>
      </object_component>
      <object_component id="oc-5be">
         <name>.text:SysXtalOscSESel</name>
         <load_address>0x8423</load_address>
         <run_address>0x8423</run_address>
         <size>0x15</size>
         <input_file_ref idref="fl-23"/>
      </object_component>
      <object_component id="oc-574">
         <name>.text:InitSysCtrl</name>
         <load_address>0x8438</load_address>
         <run_address>0x8438</run_address>
         <size>0x14</size>
         <input_file_ref idref="fl-23"/>
      </object_component>
      <object_component id="oc-58c">
         <name>.text:DisableDog</name>
         <load_address>0x844c</load_address>
         <run_address>0x844c</run_address>
         <size>0xd</size>
         <input_file_ref idref="fl-23"/>
      </object_component>
      <object_component id="oc-3ed">
         <name>.text:EMPTY_ISR</name>
         <load_address>0x8459</load_address>
         <run_address>0x8459</run_address>
         <size>0xd</size>
         <input_file_ref idref="fl-1b"/>
      </object_component>
      <object_component id="oc-42f">
         <name>.text</name>
         <load_address>0x8466</load_address>
         <run_address>0x8466</run_address>
         <size>0xc</size>
         <input_file_ref idref="fl-4f"/>
      </object_component>
      <object_component id="oc-135">
         <name>.text:ADCA1_ISR</name>
         <load_address>0x8472</load_address>
         <run_address>0x8472</run_address>
         <size>0xa</size>
         <input_file_ref idref="fl-1b"/>
      </object_component>
      <object_component id="oc-273">
         <name>.text:ADCA2_ISR</name>
         <load_address>0x847c</load_address>
         <run_address>0x847c</run_address>
         <size>0xa</size>
         <input_file_ref idref="fl-1b"/>
      </object_component>
      <object_component id="oc-279">
         <name>.text:ADCA3_ISR</name>
         <load_address>0x8486</load_address>
         <run_address>0x8486</run_address>
         <size>0xa</size>
         <input_file_ref idref="fl-1b"/>
      </object_component>
      <object_component id="oc-27f">
         <name>.text:ADCA4_ISR</name>
         <load_address>0x8490</load_address>
         <run_address>0x8490</run_address>
         <size>0xa</size>
         <input_file_ref idref="fl-1b"/>
      </object_component>
      <object_component id="oc-26d">
         <name>.text:ADCA_EVT_ISR</name>
         <load_address>0x849a</load_address>
         <run_address>0x849a</run_address>
         <size>0xa</size>
         <input_file_ref idref="fl-1b"/>
      </object_component>
      <object_component id="oc-13b">
         <name>.text:ADCB1_ISR</name>
         <load_address>0x84a4</load_address>
         <run_address>0x84a4</run_address>
         <size>0xa</size>
         <input_file_ref idref="fl-1b"/>
      </object_component>
      <object_component id="oc-28b">
         <name>.text:ADCB2_ISR</name>
         <load_address>0x84ae</load_address>
         <run_address>0x84ae</run_address>
         <size>0xa</size>
         <input_file_ref idref="fl-1b"/>
      </object_component>
      <object_component id="oc-291">
         <name>.text:ADCB3_ISR</name>
         <load_address>0x84b8</load_address>
         <run_address>0x84b8</run_address>
         <size>0xa</size>
         <input_file_ref idref="fl-1b"/>
      </object_component>
      <object_component id="oc-297">
         <name>.text:ADCB4_ISR</name>
         <load_address>0x84c2</load_address>
         <run_address>0x84c2</run_address>
         <size>0xa</size>
         <input_file_ref idref="fl-1b"/>
      </object_component>
      <object_component id="oc-285">
         <name>.text:ADCB_EVT_ISR</name>
         <load_address>0x84cc</load_address>
         <run_address>0x84cc</run_address>
         <size>0xa</size>
         <input_file_ref idref="fl-1b"/>
      </object_component>
      <object_component id="oc-141">
         <name>.text:ADCC1_ISR</name>
         <load_address>0x84d6</load_address>
         <run_address>0x84d6</run_address>
         <size>0xa</size>
         <input_file_ref idref="fl-1b"/>
      </object_component>
      <object_component id="oc-3ab">
         <name>.text:ADCC2_ISR</name>
         <load_address>0x84e0</load_address>
         <run_address>0x84e0</run_address>
         <size>0xa</size>
         <input_file_ref idref="fl-1b"/>
      </object_component>
      <object_component id="oc-3b1">
         <name>.text:ADCC3_ISR</name>
         <load_address>0x84ea</load_address>
         <run_address>0x84ea</run_address>
         <size>0xa</size>
         <input_file_ref idref="fl-1b"/>
      </object_component>
      <object_component id="oc-3b7">
         <name>.text:ADCC4_ISR</name>
         <load_address>0x84f4</load_address>
         <run_address>0x84f4</run_address>
         <size>0xa</size>
         <input_file_ref idref="fl-1b"/>
      </object_component>
      <object_component id="oc-3a5">
         <name>.text:ADCC_EVT_ISR</name>
         <load_address>0x84fe</load_address>
         <run_address>0x84fe</run_address>
         <size>0xa</size>
         <input_file_ref idref="fl-1b"/>
      </object_component>
      <object_component id="oc-3cf">
         <name>.text:AES_SINTREQUEST_ISR</name>
         <load_address>0x8508</load_address>
         <run_address>0x8508</run_address>
         <size>0xa</size>
         <input_file_ref idref="fl-1b"/>
      </object_component>
      <object_component id="oc-3d5">
         <name>.text:BGCRC_CLA1_ISR</name>
         <load_address>0x8512</load_address>
         <run_address>0x8512</run_address>
         <size>0xa</size>
         <input_file_ref idref="fl-1b"/>
      </object_component>
      <object_component id="oc-399">
         <name>.text:BGCRC_ISR</name>
         <load_address>0x851c</load_address>
         <run_address>0x851c</run_address>
         <size>0xa</size>
         <input_file_ref idref="fl-1b"/>
      </object_component>
      <object_component id="oc-261">
         <name>.text:CANA0_ISR</name>
         <load_address>0x8526</load_address>
         <run_address>0x8526</run_address>
         <size>0xa</size>
         <input_file_ref idref="fl-1b"/>
      </object_component>
      <object_component id="oc-267">
         <name>.text:CANA1_ISR</name>
         <load_address>0x8530</load_address>
         <run_address>0x8530</run_address>
         <size>0xa</size>
         <input_file_ref idref="fl-1b"/>
      </object_component>
      <object_component id="oc-29d">
         <name>.text:CLA1_1_ISR</name>
         <load_address>0x853a</load_address>
         <run_address>0x853a</run_address>
         <size>0xa</size>
         <input_file_ref idref="fl-1b"/>
      </object_component>
      <object_component id="oc-2a3">
         <name>.text:CLA1_2_ISR</name>
         <load_address>0x8544</load_address>
         <run_address>0x8544</run_address>
         <size>0xa</size>
         <input_file_ref idref="fl-1b"/>
      </object_component>
      <object_component id="oc-2a9">
         <name>.text:CLA1_3_ISR</name>
         <load_address>0x854e</load_address>
         <run_address>0x854e</run_address>
         <size>0xa</size>
         <input_file_ref idref="fl-1b"/>
      </object_component>
      <object_component id="oc-2af">
         <name>.text:CLA1_4_ISR</name>
         <load_address>0x8558</load_address>
         <run_address>0x8558</run_address>
         <size>0xa</size>
         <input_file_ref idref="fl-1b"/>
      </object_component>
      <object_component id="oc-2b5">
         <name>.text:CLA1_5_ISR</name>
         <load_address>0x8562</load_address>
         <run_address>0x8562</run_address>
         <size>0xa</size>
         <input_file_ref idref="fl-1b"/>
      </object_component>
      <object_component id="oc-2bb">
         <name>.text:CLA1_6_ISR</name>
         <load_address>0x856c</load_address>
         <run_address>0x856c</run_address>
         <size>0xa</size>
         <input_file_ref idref="fl-1b"/>
      </object_component>
      <object_component id="oc-2c1">
         <name>.text:CLA1_7_ISR</name>
         <load_address>0x8576</load_address>
         <run_address>0x8576</run_address>
         <size>0xa</size>
         <input_file_ref idref="fl-1b"/>
      </object_component>
      <object_component id="oc-2c7">
         <name>.text:CLA1_8_ISR</name>
         <load_address>0x8580</load_address>
         <run_address>0x8580</run_address>
         <size>0xa</size>
         <input_file_ref idref="fl-1b"/>
      </object_component>
      <object_component id="oc-3db">
         <name>.text:CLA_OVERFLOW_ISR</name>
         <load_address>0x858a</load_address>
         <run_address>0x858a</run_address>
         <size>0xa</size>
         <input_file_ref idref="fl-1b"/>
      </object_component>
      <object_component id="oc-3e1">
         <name>.text:CLA_UNDERFLOW_ISR</name>
         <load_address>0x8594</load_address>
         <run_address>0x8594</run_address>
         <size>0xa</size>
         <input_file_ref idref="fl-1b"/>
      </object_component>
      <object_component id="oc-1dd">
         <name>.text:CLB1_ISR</name>
         <load_address>0x859e</load_address>
         <run_address>0x859e</run_address>
         <size>0xa</size>
         <input_file_ref idref="fl-1b"/>
      </object_component>
      <object_component id="oc-1e3">
         <name>.text:CLB2_ISR</name>
         <load_address>0x85a8</load_address>
         <run_address>0x85a8</run_address>
         <size>0xa</size>
         <input_file_ref idref="fl-1b"/>
      </object_component>
      <object_component id="oc-1e9">
         <name>.text:CLB3_ISR</name>
         <load_address>0x85b2</load_address>
         <run_address>0x85b2</run_address>
         <size>0xa</size>
         <input_file_ref idref="fl-1b"/>
      </object_component>
      <object_component id="oc-1ef">
         <name>.text:CLB4_ISR</name>
         <load_address>0x85bc</load_address>
         <run_address>0x85bc</run_address>
         <size>0xa</size>
         <input_file_ref idref="fl-1b"/>
      </object_component>
      <object_component id="oc-cf">
         <name>.text:DATALOG_ISR</name>
         <load_address>0x85c6</load_address>
         <run_address>0x85c6</run_address>
         <size>0xa</size>
         <input_file_ref idref="fl-1b"/>
      </object_component>
      <object_component id="oc-357">
         <name>.text:DCC0_ISR</name>
         <load_address>0x85d0</load_address>
         <run_address>0x85d0</run_address>
         <size>0xa</size>
         <input_file_ref idref="fl-1b"/>
      </object_component>
      <object_component id="oc-37b">
         <name>.text:DCC1_ISR</name>
         <load_address>0x85da</load_address>
         <run_address>0x85da</run_address>
         <size>0xa</size>
         <input_file_ref idref="fl-1b"/>
      </object_component>
      <object_component id="oc-20d">
         <name>.text:DMA_CH1_ISR</name>
         <load_address>0x85e4</load_address>
         <run_address>0x85e4</run_address>
         <size>0xa</size>
         <input_file_ref idref="fl-1b"/>
      </object_component>
      <object_component id="oc-213">
         <name>.text:DMA_CH2_ISR</name>
         <load_address>0x85ee</load_address>
         <run_address>0x85ee</run_address>
         <size>0xa</size>
         <input_file_ref idref="fl-1b"/>
      </object_component>
      <object_component id="oc-219">
         <name>.text:DMA_CH3_ISR</name>
         <load_address>0x85f8</load_address>
         <run_address>0x85f8</run_address>
         <size>0xa</size>
         <input_file_ref idref="fl-1b"/>
      </object_component>
      <object_component id="oc-21f">
         <name>.text:DMA_CH4_ISR</name>
         <load_address>0x8602</load_address>
         <run_address>0x8602</run_address>
         <size>0xa</size>
         <input_file_ref idref="fl-1b"/>
      </object_component>
      <object_component id="oc-225">
         <name>.text:DMA_CH5_ISR</name>
         <load_address>0x860c</load_address>
         <run_address>0x860c</run_address>
         <size>0xa</size>
         <input_file_ref idref="fl-1b"/>
      </object_component>
      <object_component id="oc-22b">
         <name>.text:DMA_CH6_ISR</name>
         <load_address>0x8616</load_address>
         <run_address>0x8616</run_address>
         <size>0xa</size>
         <input_file_ref idref="fl-1b"/>
      </object_component>
      <object_component id="oc-1bf">
         <name>.text:ECAP1_ISR</name>
         <load_address>0x8620</load_address>
         <run_address>0x8620</run_address>
         <size>0xa</size>
         <input_file_ref idref="fl-1b"/>
      </object_component>
      <object_component id="oc-1c5">
         <name>.text:ECAP2_ISR</name>
         <load_address>0x862a</load_address>
         <run_address>0x862a</run_address>
         <size>0xa</size>
         <input_file_ref idref="fl-1b"/>
      </object_component>
      <object_component id="oc-2fd">
         <name>.text:ECAP3_2_ISR</name>
         <load_address>0x8634</load_address>
         <run_address>0x8634</run_address>
         <size>0xa</size>
         <input_file_ref idref="fl-1b"/>
      </object_component>
      <object_component id="oc-1cb">
         <name>.text:ECAP3_ISR</name>
         <load_address>0x863e</load_address>
         <run_address>0x863e</run_address>
         <size>0xa</size>
         <input_file_ref idref="fl-1b"/>
      </object_component>
      <object_component id="oc-db">
         <name>.text:EMU_ISR</name>
         <load_address>0x8648</load_address>
         <run_address>0x8648</run_address>
         <size>0xa</size>
         <input_file_ref idref="fl-1b"/>
      </object_component>
      <object_component id="oc-18f">
         <name>.text:EPWM1_ISR</name>
         <load_address>0x8652</load_address>
         <run_address>0x8652</run_address>
         <size>0xa</size>
         <input_file_ref idref="fl-1b"/>
      </object_component>
      <object_component id="oc-15f">
         <name>.text:EPWM1_TZ_ISR</name>
         <load_address>0x865c</load_address>
         <run_address>0x865c</run_address>
         <size>0xa</size>
         <input_file_ref idref="fl-1b"/>
      </object_component>
      <object_component id="oc-195">
         <name>.text:EPWM2_ISR</name>
         <load_address>0x8666</load_address>
         <run_address>0x8666</run_address>
         <size>0xa</size>
         <input_file_ref idref="fl-1b"/>
      </object_component>
      <object_component id="oc-165">
         <name>.text:EPWM2_TZ_ISR</name>
         <load_address>0x8670</load_address>
         <run_address>0x8670</run_address>
         <size>0xa</size>
         <input_file_ref idref="fl-1b"/>
      </object_component>
      <object_component id="oc-19b">
         <name>.text:EPWM3_ISR</name>
         <load_address>0x867a</load_address>
         <run_address>0x867a</run_address>
         <size>0xa</size>
         <input_file_ref idref="fl-1b"/>
      </object_component>
      <object_component id="oc-16b">
         <name>.text:EPWM3_TZ_ISR</name>
         <load_address>0x8684</load_address>
         <run_address>0x8684</run_address>
         <size>0xa</size>
         <input_file_ref idref="fl-1b"/>
      </object_component>
      <object_component id="oc-1a1">
         <name>.text:EPWM4_ISR</name>
         <load_address>0x868e</load_address>
         <run_address>0x868e</run_address>
         <size>0xa</size>
         <input_file_ref idref="fl-1b"/>
      </object_component>
      <object_component id="oc-171">
         <name>.text:EPWM4_TZ_ISR</name>
         <load_address>0x8698</load_address>
         <run_address>0x8698</run_address>
         <size>0xa</size>
         <input_file_ref idref="fl-1b"/>
      </object_component>
      <object_component id="oc-1a7">
         <name>.text:EPWM5_ISR</name>
         <load_address>0x86a2</load_address>
         <run_address>0x86a2</run_address>
         <size>0xa</size>
         <input_file_ref idref="fl-1b"/>
      </object_component>
      <object_component id="oc-177">
         <name>.text:EPWM5_TZ_ISR</name>
         <load_address>0x86ac</load_address>
         <run_address>0x86ac</run_address>
         <size>0xa</size>
         <input_file_ref idref="fl-1b"/>
      </object_component>
      <object_component id="oc-1ad">
         <name>.text:EPWM6_ISR</name>
         <load_address>0x86b6</load_address>
         <run_address>0x86b6</run_address>
         <size>0xa</size>
         <input_file_ref idref="fl-1b"/>
      </object_component>
      <object_component id="oc-17d">
         <name>.text:EPWM6_TZ_ISR</name>
         <load_address>0x86c0</load_address>
         <run_address>0x86c0</run_address>
         <size>0xa</size>
         <input_file_ref idref="fl-1b"/>
      </object_component>
      <object_component id="oc-1b3">
         <name>.text:EPWM7_ISR</name>
         <load_address>0x86ca</load_address>
         <run_address>0x86ca</run_address>
         <size>0xa</size>
         <input_file_ref idref="fl-1b"/>
      </object_component>
      <object_component id="oc-183">
         <name>.text:EPWM7_TZ_ISR</name>
         <load_address>0x86d4</load_address>
         <run_address>0x86d4</run_address>
         <size>0xa</size>
         <input_file_ref idref="fl-1b"/>
      </object_component>
      <object_component id="oc-1b9">
         <name>.text:EPWM8_ISR</name>
         <load_address>0x86de</load_address>
         <run_address>0x86de</run_address>
         <size>0xa</size>
         <input_file_ref idref="fl-1b"/>
      </object_component>
      <object_component id="oc-189">
         <name>.text:EPWM8_TZ_ISR</name>
         <load_address>0x86e8</load_address>
         <run_address>0x86e8</run_address>
         <size>0xa</size>
         <input_file_ref idref="fl-1b"/>
      </object_component>
      <object_component id="oc-1d1">
         <name>.text:EQEP1_ISR</name>
         <load_address>0x86f2</load_address>
         <run_address>0x86f2</run_address>
         <size>0xa</size>
         <input_file_ref idref="fl-1b"/>
      </object_component>
      <object_component id="oc-1d7">
         <name>.text:EQEP2_ISR</name>
         <load_address>0x86fc</load_address>
         <run_address>0x86fc</run_address>
         <size>0xa</size>
         <input_file_ref idref="fl-1b"/>
      </object_component>
      <object_component id="oc-3c3">
         <name>.text:FLASH_CORR_ERR_ISR</name>
         <load_address>0x8706</load_address>
         <run_address>0x8706</run_address>
         <size>0xa</size>
         <input_file_ref idref="fl-1b"/>
      </object_component>
      <object_component id="oc-2e5">
         <name>.text:FMC_ISR</name>
         <load_address>0x8710</load_address>
         <run_address>0x8710</run_address>
         <size>0xa</size>
         <input_file_ref idref="fl-1b"/>
      </object_component>
      <object_component id="oc-2eb">
         <name>.text:FPU_OVERFLOW_ISR</name>
         <load_address>0x871a</load_address>
         <run_address>0x871a</run_address>
         <size>0xa</size>
         <input_file_ref idref="fl-1b"/>
      </object_component>
      <object_component id="oc-2f1">
         <name>.text:FPU_UNDERFLOW_ISR</name>
         <load_address>0x8724</load_address>
         <run_address>0x8724</run_address>
         <size>0xa</size>
         <input_file_ref idref="fl-1b"/>
      </object_component>
      <object_component id="oc-34b">
         <name>.text:FSIRXA1_ISR</name>
         <load_address>0x872e</load_address>
         <run_address>0x872e</run_address>
         <size>0xa</size>
         <input_file_ref idref="fl-1b"/>
      </object_component>
      <object_component id="oc-351">
         <name>.text:FSIRXA2_ISR</name>
         <load_address>0x8738</load_address>
         <run_address>0x8738</run_address>
         <size>0xa</size>
         <input_file_ref idref="fl-1b"/>
      </object_component>
      <object_component id="oc-33f">
         <name>.text:FSITXA1_ISR</name>
         <load_address>0x8742</load_address>
         <run_address>0x8742</run_address>
         <size>0xa</size>
         <input_file_ref idref="fl-1b"/>
      </object_component>
      <object_component id="oc-345">
         <name>.text:FSITXA2_ISR</name>
         <load_address>0x874c</load_address>
         <run_address>0x874c</run_address>
         <size>0xa</size>
         <input_file_ref idref="fl-1b"/>
      </object_component>
      <object_component id="oc-39f">
         <name>.text:HICA_ISR</name>
         <load_address>0x8756</load_address>
         <run_address>0x8756</run_address>
         <size>0xa</size>
         <input_file_ref idref="fl-1b"/>
      </object_component>
      <object_component id="oc-237">
         <name>.text:I2CA_FIFO_ISR</name>
         <load_address>0x8760</load_address>
         <run_address>0x8760</run_address>
         <size>0xa</size>
         <input_file_ref idref="fl-1b"/>
      </object_component>
      <object_component id="oc-231">
         <name>.text:I2CA_ISR</name>
         <load_address>0x876a</load_address>
         <run_address>0x876a</run_address>
         <size>0xa</size>
         <input_file_ref idref="fl-1b"/>
      </object_component>
      <object_component id="oc-243">
         <name>.text:I2CB_FIFO_ISR</name>
         <load_address>0x8774</load_address>
         <run_address>0x8774</run_address>
         <size>0xa</size>
         <input_file_ref idref="fl-1b"/>
      </object_component>
      <object_component id="oc-23d">
         <name>.text:I2CB_ISR</name>
         <load_address>0x877e</load_address>
         <run_address>0x877e</run_address>
         <size>0xa</size>
         <input_file_ref idref="fl-1b"/>
      </object_component>
      <object_component id="oc-e7">
         <name>.text:ILLEGAL_ISR</name>
         <load_address>0x8788</load_address>
         <run_address>0x8788</run_address>
         <size>0xa</size>
         <input_file_ref idref="fl-1b"/>
      </object_component>
      <object_component id="oc-405">
         <name>.text:Interrupt_illegalOperationHandler</name>
         <load_address>0x8792</load_address>
         <run_address>0x8792</run_address>
         <size>0xa</size>
         <input_file_ref idref="fl-2d"/>
      </object_component>
      <object_component id="oc-40b">
         <name>.text:Interrupt_nmiHandler</name>
         <load_address>0x879c</load_address>
         <run_address>0x879c</run_address>
         <size>0xa</size>
         <input_file_ref idref="fl-2d"/>
      </object_component>
      <object_component id="oc-35d">
         <name>.text:LINA_0_ISR</name>
         <load_address>0x87a6</load_address>
         <run_address>0x87a6</run_address>
         <size>0xa</size>
         <input_file_ref idref="fl-1b"/>
      </object_component>
      <object_component id="oc-363">
         <name>.text:LINA_1_ISR</name>
         <load_address>0x87b0</load_address>
         <run_address>0x87b0</run_address>
         <size>0xa</size>
         <input_file_ref idref="fl-1b"/>
      </object_component>
      <object_component id="oc-369">
         <name>.text:LINB_0_ISR</name>
         <load_address>0x87ba</load_address>
         <run_address>0x87ba</run_address>
         <size>0xa</size>
         <input_file_ref idref="fl-1b"/>
      </object_component>
      <object_component id="oc-36f">
         <name>.text:LINB_1_ISR</name>
         <load_address>0x87c4</load_address>
         <run_address>0x87c4</run_address>
         <size>0xa</size>
         <input_file_ref idref="fl-1b"/>
      </object_component>
      <object_component id="oc-381">
         <name>.text:MCANA_0_ISR</name>
         <load_address>0x87ce</load_address>
         <run_address>0x87ce</run_address>
         <size>0xa</size>
         <input_file_ref idref="fl-1b"/>
      </object_component>
      <object_component id="oc-387">
         <name>.text:MCANA_1_ISR</name>
         <load_address>0x87d8</load_address>
         <run_address>0x87d8</run_address>
         <size>0xa</size>
         <input_file_ref idref="fl-1b"/>
      </object_component>
      <object_component id="oc-38d">
         <name>.text:MCANA_ECC_ISR</name>
         <load_address>0x87e2</load_address>
         <run_address>0x87e2</run_address>
         <size>0xa</size>
         <input_file_ref idref="fl-1b"/>
      </object_component>
      <object_component id="oc-393">
         <name>.text:MCANA_WAKE_ISR</name>
         <load_address>0x87ec</load_address>
         <run_address>0x87ec</run_address>
         <size>0xa</size>
         <input_file_ref idref="fl-1b"/>
      </object_component>
      <object_component id="oc-2df">
         <name>.text:MPOST_ISR</name>
         <load_address>0x87f6</load_address>
         <run_address>0x87f6</run_address>
         <size>0xa</size>
         <input_file_ref idref="fl-1b"/>
      </object_component>
      <object_component id="oc-e1">
         <name>.text:NMI_ISR</name>
         <load_address>0x8800</load_address>
         <run_address>0x8800</run_address>
         <size>0xa</size>
         <input_file_ref idref="fl-1b"/>
      </object_component>
      <object_component id="oc-3f3">
         <name>.text:NOTUSED_ISR</name>
         <load_address>0x880a</load_address>
         <run_address>0x880a</run_address>
         <size>0xa</size>
         <input_file_ref idref="fl-1b"/>
      </object_component>
      <object_component id="oc-3e7">
         <name>.text:PIE_RESERVED_ISR</name>
         <load_address>0x8814</load_address>
         <run_address>0x8814</run_address>
         <size>0xa</size>
         <input_file_ref idref="fl-1b"/>
      </object_component>
      <object_component id="oc-375">
         <name>.text:PMBUSA_ISR</name>
         <load_address>0x881e</load_address>
         <run_address>0x881e</run_address>
         <size>0xa</size>
         <input_file_ref idref="fl-1b"/>
      </object_component>
      <object_component id="oc-3c9">
         <name>.text:RAM_ACC_VIOL_ISR</name>
         <load_address>0x8828</load_address>
         <run_address>0x8828</run_address>
         <size>0xa</size>
         <input_file_ref idref="fl-1b"/>
      </object_component>
      <object_component id="oc-3bd">
         <name>.text:RAM_CORR_ERR_ISR</name>
         <load_address>0x8832</load_address>
         <run_address>0x8832</run_address>
         <size>0xa</size>
         <input_file_ref idref="fl-1b"/>
      </object_component>
      <object_component id="oc-d5">
         <name>.text:RTOS_ISR</name>
         <load_address>0x883c</load_address>
         <run_address>0x883c</run_address>
         <size>0xa</size>
         <input_file_ref idref="fl-1b"/>
      </object_component>
      <object_component id="oc-249">
         <name>.text:SCIA_RX_ISR</name>
         <load_address>0x8846</load_address>
         <run_address>0x8846</run_address>
         <size>0xa</size>
         <input_file_ref idref="fl-1b"/>
      </object_component>
      <object_component id="oc-24f">
         <name>.text:SCIA_TX_ISR</name>
         <load_address>0x8850</load_address>
         <run_address>0x8850</run_address>
         <size>0xa</size>
         <input_file_ref idref="fl-1b"/>
      </object_component>
      <object_component id="oc-255">
         <name>.text:SCIB_RX_ISR</name>
         <load_address>0x885a</load_address>
         <run_address>0x885a</run_address>
         <size>0xa</size>
         <input_file_ref idref="fl-1b"/>
      </object_component>
      <object_component id="oc-25b">
         <name>.text:SCIB_TX_ISR</name>
         <load_address>0x8864</load_address>
         <run_address>0x8864</run_address>
         <size>0xa</size>
         <input_file_ref idref="fl-1b"/>
      </object_component>
      <object_component id="oc-30f">
         <name>.text:SDFM1DR1_ISR</name>
         <load_address>0x886e</load_address>
         <run_address>0x886e</run_address>
         <size>0xa</size>
         <input_file_ref idref="fl-1b"/>
      </object_component>
      <object_component id="oc-315">
         <name>.text:SDFM1DR2_ISR</name>
         <load_address>0x8878</load_address>
         <run_address>0x8878</run_address>
         <size>0xa</size>
         <input_file_ref idref="fl-1b"/>
      </object_component>
      <object_component id="oc-31b">
         <name>.text:SDFM1DR3_ISR</name>
         <load_address>0x8882</load_address>
         <run_address>0x8882</run_address>
         <size>0xa</size>
         <input_file_ref idref="fl-1b"/>
      </object_component>
      <object_component id="oc-321">
         <name>.text:SDFM1DR4_ISR</name>
         <load_address>0x888c</load_address>
         <run_address>0x888c</run_address>
         <size>0xa</size>
         <input_file_ref idref="fl-1b"/>
      </object_component>
      <object_component id="oc-303">
         <name>.text:SDFM1_ISR</name>
         <load_address>0x8896</load_address>
         <run_address>0x8896</run_address>
         <size>0xa</size>
         <input_file_ref idref="fl-1b"/>
      </object_component>
      <object_component id="oc-327">
         <name>.text:SDFM2DR1_ISR</name>
         <load_address>0x88a0</load_address>
         <run_address>0x88a0</run_address>
         <size>0xa</size>
         <input_file_ref idref="fl-1b"/>
      </object_component>
      <object_component id="oc-32d">
         <name>.text:SDFM2DR2_ISR</name>
         <load_address>0x88aa</load_address>
         <run_address>0x88aa</run_address>
         <size>0xa</size>
         <input_file_ref idref="fl-1b"/>
      </object_component>
      <object_component id="oc-333">
         <name>.text:SDFM2DR3_ISR</name>
         <load_address>0x88b4</load_address>
         <run_address>0x88b4</run_address>
         <size>0xa</size>
         <input_file_ref idref="fl-1b"/>
      </object_component>
      <object_component id="oc-339">
         <name>.text:SDFM2DR4_ISR</name>
         <load_address>0x88be</load_address>
         <run_address>0x88be</run_address>
         <size>0xa</size>
         <input_file_ref idref="fl-1b"/>
      </object_component>
      <object_component id="oc-309">
         <name>.text:SDFM2_ISR</name>
         <load_address>0x88c8</load_address>
         <run_address>0x88c8</run_address>
         <size>0xa</size>
         <input_file_ref idref="fl-1b"/>
      </object_component>
      <object_component id="oc-1f5">
         <name>.text:SPIA_RX_ISR</name>
         <load_address>0x88d2</load_address>
         <run_address>0x88d2</run_address>
         <size>0xa</size>
         <input_file_ref idref="fl-1b"/>
      </object_component>
      <object_component id="oc-1fb">
         <name>.text:SPIA_TX_ISR</name>
         <load_address>0x88dc</load_address>
         <run_address>0x88dc</run_address>
         <size>0xa</size>
         <input_file_ref idref="fl-1b"/>
      </object_component>
      <object_component id="oc-201">
         <name>.text:SPIB_RX_ISR</name>
         <load_address>0x88e6</load_address>
         <run_address>0x88e6</run_address>
         <size>0xa</size>
         <input_file_ref idref="fl-1b"/>
      </object_component>
      <object_component id="oc-207">
         <name>.text:SPIB_TX_ISR</name>
         <load_address>0x88f0</load_address>
         <run_address>0x88f0</run_address>
         <size>0xa</size>
         <input_file_ref idref="fl-1b"/>
      </object_component>
      <object_component id="oc-2f7">
         <name>.text:SYS_ERR_ISR</name>
         <load_address>0x88fa</load_address>
         <run_address>0x88fa</run_address>
         <size>0xa</size>
         <input_file_ref idref="fl-1b"/>
      </object_component>
      <object_component id="oc-153">
         <name>.text:TIMER0_ISR</name>
         <load_address>0x8904</load_address>
         <run_address>0x8904</run_address>
         <size>0xa</size>
         <input_file_ref idref="fl-1b"/>
      </object_component>
      <object_component id="oc-c0">
         <name>.text:TIMER1_ISR</name>
         <load_address>0x890e</load_address>
         <run_address>0x890e</run_address>
         <size>0xa</size>
         <input_file_ref idref="fl-1b"/>
      </object_component>
      <object_component id="oc-c9">
         <name>.text:TIMER2_ISR</name>
         <load_address>0x8918</load_address>
         <run_address>0x8918</run_address>
         <size>0xa</size>
         <input_file_ref idref="fl-1b"/>
      </object_component>
      <object_component id="oc-123">
         <name>.text:USER10_ISR</name>
         <load_address>0x8922</load_address>
         <run_address>0x8922</run_address>
         <size>0xa</size>
         <input_file_ref idref="fl-1b"/>
      </object_component>
      <object_component id="oc-129">
         <name>.text:USER11_ISR</name>
         <load_address>0x892c</load_address>
         <run_address>0x892c</run_address>
         <size>0xa</size>
         <input_file_ref idref="fl-1b"/>
      </object_component>
      <object_component id="oc-12f">
         <name>.text:USER12_ISR</name>
         <load_address>0x8936</load_address>
         <run_address>0x8936</run_address>
         <size>0xa</size>
         <input_file_ref idref="fl-1b"/>
      </object_component>
      <object_component id="oc-ed">
         <name>.text:USER1_ISR</name>
         <load_address>0x8940</load_address>
         <run_address>0x8940</run_address>
         <size>0xa</size>
         <input_file_ref idref="fl-1b"/>
      </object_component>
      <object_component id="oc-f3">
         <name>.text:USER2_ISR</name>
         <load_address>0x894a</load_address>
         <run_address>0x894a</run_address>
         <size>0xa</size>
         <input_file_ref idref="fl-1b"/>
      </object_component>
      <object_component id="oc-f9">
         <name>.text:USER3_ISR</name>
         <load_address>0x8954</load_address>
         <run_address>0x8954</run_address>
         <size>0xa</size>
         <input_file_ref idref="fl-1b"/>
      </object_component>
      <object_component id="oc-ff">
         <name>.text:USER4_ISR</name>
         <load_address>0x895e</load_address>
         <run_address>0x895e</run_address>
         <size>0xa</size>
         <input_file_ref idref="fl-1b"/>
      </object_component>
      <object_component id="oc-105">
         <name>.text:USER5_ISR</name>
         <load_address>0x8968</load_address>
         <run_address>0x8968</run_address>
         <size>0xa</size>
         <input_file_ref idref="fl-1b"/>
      </object_component>
      <object_component id="oc-10b">
         <name>.text:USER6_ISR</name>
         <load_address>0x8972</load_address>
         <run_address>0x8972</run_address>
         <size>0xa</size>
         <input_file_ref idref="fl-1b"/>
      </object_component>
      <object_component id="oc-111">
         <name>.text:USER7_ISR</name>
         <load_address>0x897c</load_address>
         <run_address>0x897c</run_address>
         <size>0xa</size>
         <input_file_ref idref="fl-1b"/>
      </object_component>
      <object_component id="oc-117">
         <name>.text:USER8_ISR</name>
         <load_address>0x8986</load_address>
         <run_address>0x8986</run_address>
         <size>0xa</size>
         <input_file_ref idref="fl-1b"/>
      </object_component>
      <object_component id="oc-11d">
         <name>.text:USER9_ISR</name>
         <load_address>0x8990</load_address>
         <run_address>0x8990</run_address>
         <size>0xa</size>
         <input_file_ref idref="fl-1b"/>
      </object_component>
      <object_component id="oc-159">
         <name>.text:WAKE_ISR</name>
         <load_address>0x899a</load_address>
         <run_address>0x899a</run_address>
         <size>0xa</size>
         <input_file_ref idref="fl-1b"/>
      </object_component>
      <object_component id="oc-147">
         <name>.text:XINT1_ISR</name>
         <load_address>0x89a4</load_address>
         <run_address>0x89a4</run_address>
         <size>0xa</size>
         <input_file_ref idref="fl-1b"/>
      </object_component>
      <object_component id="oc-14d">
         <name>.text:XINT2_ISR</name>
         <load_address>0x89ae</load_address>
         <run_address>0x89ae</run_address>
         <size>0xa</size>
         <input_file_ref idref="fl-1b"/>
      </object_component>
      <object_component id="oc-2cd">
         <name>.text:XINT3_ISR</name>
         <load_address>0x89b8</load_address>
         <run_address>0x89b8</run_address>
         <size>0xa</size>
         <input_file_ref idref="fl-1b"/>
      </object_component>
      <object_component id="oc-2d3">
         <name>.text:XINT4_ISR</name>
         <load_address>0x89c2</load_address>
         <run_address>0x89c2</run_address>
         <size>0xa</size>
         <input_file_ref idref="fl-1b"/>
      </object_component>
      <object_component id="oc-2d9">
         <name>.text:XINT5_ISR</name>
         <load_address>0x89cc</load_address>
         <run_address>0x89cc</run_address>
         <size>0xa</size>
         <input_file_ref idref="fl-1b"/>
      </object_component>
      <object_component id="oc-5ac">
         <name>.text:SysIntOsc1Sel</name>
         <load_address>0x89d6</load_address>
         <run_address>0x89d6</run_address>
         <size>0x9</size>
         <input_file_ref idref="fl-23"/>
      </object_component>
      <object_component id="oc-55e">
         <name>.text</name>
         <load_address>0x89df</load_address>
         <run_address>0x89df</run_address>
         <size>0x9</size>
         <input_file_ref idref="fl-4e"/>
      </object_component>
      <object_component id="oc-af">
         <name>.text:decompress:none</name>
         <load_address>0x89e8</load_address>
         <run_address>0x89e8</run_address>
         <size>0x8</size>
         <input_file_ref idref="fl-4b"/>
      </object_component>
      <object_component id="oc-43c">
         <name>.text</name>
         <load_address>0x89f0</load_address>
         <run_address>0x89f0</run_address>
         <size>0x8</size>
         <input_file_ref idref="fl-18"/>
      </object_component>
      <object_component id="oc-5b2">
         <name>.text:SysIntOsc2Sel</name>
         <load_address>0x89f8</load_address>
         <run_address>0x89f8</run_address>
         <size>0x7</size>
         <input_file_ref idref="fl-23"/>
      </object_component>
      <object_component id="oc-517">
         <name>.text:main</name>
         <load_address>0x89ff</load_address>
         <run_address>0x89ff</run_address>
         <size>0x4</size>
         <input_file_ref idref="fl-38"/>
      </object_component>
      <object_component id="oc-551">
         <name>.text:BSP_init</name>
         <load_address>0x8a03</load_address>
         <run_address>0x8a03</run_address>
         <size>0x3</size>
         <input_file_ref idref="fl-3"/>
      </object_component>
      <object_component id="oc-428">
         <name>.text</name>
         <load_address>0x8a06</load_address>
         <run_address>0x8a06</run_address>
         <size>0x2</size>
         <input_file_ref idref="fl-48"/>
      </object_component>
      <object_component id="oc-53c">
         <name>.text</name>
         <load_address>0x8a08</load_address>
         <run_address>0x8a08</run_address>
         <size>0x1</size>
         <input_file_ref idref="fl-53"/>
      </object_component>
      <object_component id="oc-6c1">
         <name>.cinit..data.load</name>
         <load_address>0x12c</load_address>
         <run_address>0x12c</run_address>
         <size>0x8</size>
      </object_component>
      <object_component id="oc-6bf">
         <name>__TI_handler_table</name>
         <load_address>0x134</load_address>
         <run_address>0x134</run_address>
         <size>0x4</size>
      </object_component>
      <object_component id="oc-6c0">
         <name>__TI_cinit_table</name>
         <load_address>0x138</load_address>
         <run_address>0x138</run_address>
         <size>0x4</size>
      </object_component>
      <object_component id="oc-411">
         <name>.stack</name>
         <uninitialized>true</uninitialized>
         <run_address>0x400</run_address>
         <size>0x0</size>
         <input_file_ref idref="fl-44"/>
      </object_component>
      <object_component id="oc-6c2">
         <name>.stack</name>
         <uninitialized>true</uninitialized>
         <run_address>0x400</run_address>
         <size>0x0</size>
      </object_component>
      <object_component id="oc-c6">
         <name>.const</name>
         <load_address>0xa800</load_address>
         <run_address>0xa800</run_address>
         <size>0x1c0</size>
         <input_file_ref idref="fl-21"/>
      </object_component>
      <object_component id="oc-51f">
         <name>.data</name>
         <load_address>0xa9c0</load_address>
         <run_address>0xa9c0</run_address>
         <size>0x6</size>
         <input_file_ref idref="fl-4d"/>
      </object_component>
      <object_component id="oc-522">
         <name>.data:_lock</name>
         <load_address>0xa9c6</load_address>
         <run_address>0xa9c6</run_address>
         <size>0x2</size>
         <input_file_ref idref="fl-4e"/>
      </object_component>
      <object_component id="oc-57f">
         <name>.data:_unlock</name>
         <load_address>0xa9c8</load_address>
         <run_address>0xa9c8</run_address>
         <size>0x2</size>
         <input_file_ref idref="fl-4e"/>
      </object_component>
      <object_component id="oc-5a9">
         <name>ClkCfgRegsFile</name>
         <uninitialized>true</uninitialized>
         <run_address>0x5d200</run_address>
         <size>0x3e</size>
         <input_file_ref idref="fl-1e"/>
      </object_component>
      <object_component id="oc-5cb">
         <name>CpuSysRegsFile</name>
         <uninitialized>true</uninitialized>
         <run_address>0x5d300</run_address>
         <size>0xa0</size>
         <input_file_ref idref="fl-1e"/>
      </object_component>
      <object_component id="oc-5e1">
         <name>Dcc0RegsFile</name>
         <uninitialized>true</uninitialized>
         <run_address>0x5e700</run_address>
         <size>0x2c</size>
         <input_file_ref idref="fl-1e"/>
      </object_component>
      <object_component id="oc-5e4">
         <name>Dcc1RegsFile</name>
         <uninitialized>true</uninitialized>
         <run_address>0x5e740</run_address>
         <size>0x2c</size>
         <input_file_ref idref="fl-1e"/>
      </object_component>
      <object_component id="oc-5a5">
         <name>WdRegsFile</name>
         <uninitialized>true</uninitialized>
         <run_address>0x7000</run_address>
         <size>0x2b</size>
         <input_file_ref idref="fl-1e"/>
      </object_component>
      <object_component id="oc-57b">
         <name>.debug_types</name>
         <load_address>0x0</load_address>
         <run_address>0x0</run_address>
         <size>0x2d9</size>
         <input_file_ref idref="fl-3"/>
      </object_component>
      <object_component id="oc-443">
         <name>.debug_types</name>
         <load_address>0x0</load_address>
         <run_address>0x0</run_address>
         <size>0x0</size>
         <input_file_ref idref="fl-1b"/>
      </object_component>
      <object_component id="oc-5d4">
         <name>.debug_types</name>
         <load_address>0x2d9</load_address>
         <run_address>0x2d9</run_address>
         <size>0x762d1</size>
         <input_file_ref idref="fl-1e"/>
      </object_component>
      <object_component id="oc-446">
         <name>.debug_types</name>
         <load_address>0x765aa</load_address>
         <run_address>0x765aa</run_address>
         <size>0x5a</size>
         <input_file_ref idref="fl-21"/>
      </object_component>
      <object_component id="oc-59f">
         <name>.debug_types</name>
         <load_address>0x76604</load_address>
         <run_address>0x76604</run_address>
         <size>0x5a</size>
         <input_file_ref idref="fl-23"/>
      </object_component>
      <object_component id="oc-4d0">
         <name>.debug_types</name>
         <load_address>0x7665e</load_address>
         <run_address>0x7665e</run_address>
         <size>0x6e</size>
         <input_file_ref idref="fl-2d"/>
      </object_component>
      <object_component id="oc-558">
         <name>.debug_types</name>
         <load_address>0x0</load_address>
         <run_address>0x0</run_address>
         <size>0x0</size>
         <input_file_ref idref="fl-38"/>
      </object_component>
      <object_component id="oc-4e6">
         <name>.debug_types</name>
         <load_address>0x0</load_address>
         <run_address>0x0</run_address>
         <size>0x0</size>
         <input_file_ref idref="fl-48"/>
      </object_component>
      <object_component id="oc-543">
         <name>.debug_types</name>
         <load_address>0x766cc</load_address>
         <run_address>0x766cc</run_address>
         <size>0x4f5</size>
         <input_file_ref idref="fl-49"/>
      </object_component>
      <object_component id="oc-41b">
         <name>.debug_types</name>
         <load_address>0x76bc1</load_address>
         <run_address>0x76bc1</run_address>
         <size>0x1c8</size>
         <input_file_ref idref="fl-4b"/>
      </object_component>
      <object_component id="oc-413">
         <name>.debug_types</name>
         <load_address>0x76d89</load_address>
         <run_address>0x76d89</run_address>
         <size>0x191</size>
         <input_file_ref idref="fl-4c"/>
      </object_component>
      <object_component id="oc-526">
         <name>.debug_types</name>
         <load_address>0x76f1a</load_address>
         <run_address>0x76f1a</run_address>
         <size>0xbf</size>
         <input_file_ref idref="fl-4d"/>
      </object_component>
      <object_component id="oc-566">
         <name>.debug_types</name>
         <load_address>0x76fd9</load_address>
         <run_address>0x76fd9</run_address>
         <size>0x2f</size>
         <input_file_ref idref="fl-4e"/>
      </object_component>
      <object_component id="oc-51e">
         <name>.debug_types</name>
         <load_address>0x77008</load_address>
         <run_address>0x77008</run_address>
         <size>0xe1</size>
         <input_file_ref idref="fl-4f"/>
      </object_component>
      <object_component id="oc-4d8">
         <name>.debug_types</name>
         <load_address>0x770e9</load_address>
         <run_address>0x770e9</run_address>
         <size>0xe3</size>
         <input_file_ref idref="fl-52"/>
      </object_component>
      <object_component id="oc-56e">
         <name>.debug_types</name>
         <load_address>0x0</load_address>
         <run_address>0x0</run_address>
         <size>0x0</size>
         <input_file_ref idref="fl-53"/>
      </object_component>
      <object_component id="oc-553">
         <name>.debug_info</name>
         <load_address>0x0</load_address>
         <run_address>0x0</run_address>
         <size>0x128</size>
         <input_file_ref idref="fl-3"/>
      </object_component>
      <object_component id="oc-bc">
         <name>.debug_info</name>
         <load_address>0x128</load_address>
         <run_address>0x128</run_address>
         <size>0x108</size>
         <input_file_ref idref="fl-18"/>
      </object_component>
      <object_component id="oc-43f">
         <name>.debug_info</name>
         <load_address>0x230</load_address>
         <run_address>0x230</run_address>
         <size>0x109</size>
         <input_file_ref idref="fl-18"/>
      </object_component>
      <object_component id="oc-c2">
         <name>.debug_info</name>
         <load_address>0x339</load_address>
         <run_address>0x339</run_address>
         <size>0x119</size>
         <input_file_ref idref="fl-1b"/>
      </object_component>
      <object_component id="oc-cb">
         <name>.debug_info</name>
         <load_address>0x452</load_address>
         <run_address>0x452</run_address>
         <size>0x119</size>
         <input_file_ref idref="fl-1b"/>
      </object_component>
      <object_component id="oc-d1">
         <name>.debug_info</name>
         <load_address>0x56b</load_address>
         <run_address>0x56b</run_address>
         <size>0x11b</size>
         <input_file_ref idref="fl-1b"/>
      </object_component>
      <object_component id="oc-d7">
         <name>.debug_info</name>
         <load_address>0x686</load_address>
         <run_address>0x686</run_address>
         <size>0x115</size>
         <input_file_ref idref="fl-1b"/>
      </object_component>
      <object_component id="oc-dd">
         <name>.debug_info</name>
         <load_address>0x79b</load_address>
         <run_address>0x79b</run_address>
         <size>0x113</size>
         <input_file_ref idref="fl-1b"/>
      </object_component>
      <object_component id="oc-e3">
         <name>.debug_info</name>
         <load_address>0x8ae</load_address>
         <run_address>0x8ae</run_address>
         <size>0x113</size>
         <input_file_ref idref="fl-1b"/>
      </object_component>
      <object_component id="oc-e9">
         <name>.debug_info</name>
         <load_address>0x9c1</load_address>
         <run_address>0x9c1</run_address>
         <size>0x11b</size>
         <input_file_ref idref="fl-1b"/>
      </object_component>
      <object_component id="oc-ef">
         <name>.debug_info</name>
         <load_address>0xadc</load_address>
         <run_address>0xadc</run_address>
         <size>0x117</size>
         <input_file_ref idref="fl-1b"/>
      </object_component>
      <object_component id="oc-f5">
         <name>.debug_info</name>
         <load_address>0xbf3</load_address>
         <run_address>0xbf3</run_address>
         <size>0x117</size>
         <input_file_ref idref="fl-1b"/>
      </object_component>
      <object_component id="oc-fb">
         <name>.debug_info</name>
         <load_address>0xd0a</load_address>
         <run_address>0xd0a</run_address>
         <size>0x117</size>
         <input_file_ref idref="fl-1b"/>
      </object_component>
      <object_component id="oc-101">
         <name>.debug_info</name>
         <load_address>0xe21</load_address>
         <run_address>0xe21</run_address>
         <size>0x117</size>
         <input_file_ref idref="fl-1b"/>
      </object_component>
      <object_component id="oc-107">
         <name>.debug_info</name>
         <load_address>0xf38</load_address>
         <run_address>0xf38</run_address>
         <size>0x117</size>
         <input_file_ref idref="fl-1b"/>
      </object_component>
      <object_component id="oc-10d">
         <name>.debug_info</name>
         <load_address>0x104f</load_address>
         <run_address>0x104f</run_address>
         <size>0x118</size>
         <input_file_ref idref="fl-1b"/>
      </object_component>
      <object_component id="oc-113">
         <name>.debug_info</name>
         <load_address>0x1167</load_address>
         <run_address>0x1167</run_address>
         <size>0x119</size>
         <input_file_ref idref="fl-1b"/>
      </object_component>
      <object_component id="oc-119">
         <name>.debug_info</name>
         <load_address>0x1280</load_address>
         <run_address>0x1280</run_address>
         <size>0x119</size>
         <input_file_ref idref="fl-1b"/>
      </object_component>
      <object_component id="oc-11f">
         <name>.debug_info</name>
         <load_address>0x1399</load_address>
         <run_address>0x1399</run_address>
         <size>0x119</size>
         <input_file_ref idref="fl-1b"/>
      </object_component>
      <object_component id="oc-125">
         <name>.debug_info</name>
         <load_address>0x14b2</load_address>
         <run_address>0x14b2</run_address>
         <size>0x11b</size>
         <input_file_ref idref="fl-1b"/>
      </object_component>
      <object_component id="oc-12b">
         <name>.debug_info</name>
         <load_address>0x15cd</load_address>
         <run_address>0x15cd</run_address>
         <size>0x11b</size>
         <input_file_ref idref="fl-1b"/>
      </object_component>
      <object_component id="oc-131">
         <name>.debug_info</name>
         <load_address>0x16e8</load_address>
         <run_address>0x16e8</run_address>
         <size>0x11b</size>
         <input_file_ref idref="fl-1b"/>
      </object_component>
      <object_component id="oc-137">
         <name>.debug_info</name>
         <load_address>0x1803</load_address>
         <run_address>0x1803</run_address>
         <size>0x119</size>
         <input_file_ref idref="fl-1b"/>
      </object_component>
      <object_component id="oc-13d">
         <name>.debug_info</name>
         <load_address>0x191c</load_address>
         <run_address>0x191c</run_address>
         <size>0x119</size>
         <input_file_ref idref="fl-1b"/>
      </object_component>
      <object_component id="oc-143">
         <name>.debug_info</name>
         <load_address>0x1a35</load_address>
         <run_address>0x1a35</run_address>
         <size>0x119</size>
         <input_file_ref idref="fl-1b"/>
      </object_component>
      <object_component id="oc-149">
         <name>.debug_info</name>
         <load_address>0x1b4e</load_address>
         <run_address>0x1b4e</run_address>
         <size>0x119</size>
         <input_file_ref idref="fl-1b"/>
      </object_component>
      <object_component id="oc-14f">
         <name>.debug_info</name>
         <load_address>0x1c67</load_address>
         <run_address>0x1c67</run_address>
         <size>0x119</size>
         <input_file_ref idref="fl-1b"/>
      </object_component>
      <object_component id="oc-155">
         <name>.debug_info</name>
         <load_address>0x1d80</load_address>
         <run_address>0x1d80</run_address>
         <size>0x11b</size>
         <input_file_ref idref="fl-1b"/>
      </object_component>
      <object_component id="oc-15b">
         <name>.debug_info</name>
         <load_address>0x1e9b</load_address>
         <run_address>0x1e9b</run_address>
         <size>0x117</size>
         <input_file_ref idref="fl-1b"/>
      </object_component>
      <object_component id="oc-161">
         <name>.debug_info</name>
         <load_address>0x1fb2</load_address>
         <run_address>0x1fb2</run_address>
         <size>0x11f</size>
         <input_file_ref idref="fl-1b"/>
      </object_component>
      <object_component id="oc-167">
         <name>.debug_info</name>
         <load_address>0x20d1</load_address>
         <run_address>0x20d1</run_address>
         <size>0x11f</size>
         <input_file_ref idref="fl-1b"/>
      </object_component>
      <object_component id="oc-16d">
         <name>.debug_info</name>
         <load_address>0x21f0</load_address>
         <run_address>0x21f0</run_address>
         <size>0x11f</size>
         <input_file_ref idref="fl-1b"/>
      </object_component>
      <object_component id="oc-173">
         <name>.debug_info</name>
         <load_address>0x230f</load_address>
         <run_address>0x230f</run_address>
         <size>0x11f</size>
         <input_file_ref idref="fl-1b"/>
      </object_component>
      <object_component id="oc-179">
         <name>.debug_info</name>
         <load_address>0x242e</load_address>
         <run_address>0x242e</run_address>
         <size>0x11f</size>
         <input_file_ref idref="fl-1b"/>
      </object_component>
      <object_component id="oc-17f">
         <name>.debug_info</name>
         <load_address>0x254d</load_address>
         <run_address>0x254d</run_address>
         <size>0x11f</size>
         <input_file_ref idref="fl-1b"/>
      </object_component>
      <object_component id="oc-185">
         <name>.debug_info</name>
         <load_address>0x266c</load_address>
         <run_address>0x266c</run_address>
         <size>0x11f</size>
         <input_file_ref idref="fl-1b"/>
      </object_component>
      <object_component id="oc-18b">
         <name>.debug_info</name>
         <load_address>0x278b</load_address>
         <run_address>0x278b</run_address>
         <size>0x11f</size>
         <input_file_ref idref="fl-1b"/>
      </object_component>
      <object_component id="oc-191">
         <name>.debug_info</name>
         <load_address>0x28aa</load_address>
         <run_address>0x28aa</run_address>
         <size>0x119</size>
         <input_file_ref idref="fl-1b"/>
      </object_component>
      <object_component id="oc-197">
         <name>.debug_info</name>
         <load_address>0x29c3</load_address>
         <run_address>0x29c3</run_address>
         <size>0x119</size>
         <input_file_ref idref="fl-1b"/>
      </object_component>
      <object_component id="oc-19d">
         <name>.debug_info</name>
         <load_address>0x2adc</load_address>
         <run_address>0x2adc</run_address>
         <size>0x119</size>
         <input_file_ref idref="fl-1b"/>
      </object_component>
      <object_component id="oc-1a3">
         <name>.debug_info</name>
         <load_address>0x2bf5</load_address>
         <run_address>0x2bf5</run_address>
         <size>0x119</size>
         <input_file_ref idref="fl-1b"/>
      </object_component>
      <object_component id="oc-1a9">
         <name>.debug_info</name>
         <load_address>0x2d0e</load_address>
         <run_address>0x2d0e</run_address>
         <size>0x119</size>
         <input_file_ref idref="fl-1b"/>
      </object_component>
      <object_component id="oc-1af">
         <name>.debug_info</name>
         <load_address>0x2e27</load_address>
         <run_address>0x2e27</run_address>
         <size>0x119</size>
         <input_file_ref idref="fl-1b"/>
      </object_component>
      <object_component id="oc-1b5">
         <name>.debug_info</name>
         <load_address>0x2f40</load_address>
         <run_address>0x2f40</run_address>
         <size>0x119</size>
         <input_file_ref idref="fl-1b"/>
      </object_component>
      <object_component id="oc-1bb">
         <name>.debug_info</name>
         <load_address>0x3059</load_address>
         <run_address>0x3059</run_address>
         <size>0x119</size>
         <input_file_ref idref="fl-1b"/>
      </object_component>
      <object_component id="oc-1c1">
         <name>.debug_info</name>
         <load_address>0x3172</load_address>
         <run_address>0x3172</run_address>
         <size>0x119</size>
         <input_file_ref idref="fl-1b"/>
      </object_component>
      <object_component id="oc-1c7">
         <name>.debug_info</name>
         <load_address>0x328b</load_address>
         <run_address>0x328b</run_address>
         <size>0x119</size>
         <input_file_ref idref="fl-1b"/>
      </object_component>
      <object_component id="oc-1cd">
         <name>.debug_info</name>
         <load_address>0x33a4</load_address>
         <run_address>0x33a4</run_address>
         <size>0x119</size>
         <input_file_ref idref="fl-1b"/>
      </object_component>
      <object_component id="oc-1d3">
         <name>.debug_info</name>
         <load_address>0x34bd</load_address>
         <run_address>0x34bd</run_address>
         <size>0x119</size>
         <input_file_ref idref="fl-1b"/>
      </object_component>
      <object_component id="oc-1d9">
         <name>.debug_info</name>
         <load_address>0x35d6</load_address>
         <run_address>0x35d6</run_address>
         <size>0x119</size>
         <input_file_ref idref="fl-1b"/>
      </object_component>
      <object_component id="oc-1df">
         <name>.debug_info</name>
         <load_address>0x36ef</load_address>
         <run_address>0x36ef</run_address>
         <size>0x117</size>
         <input_file_ref idref="fl-1b"/>
      </object_component>
      <object_component id="oc-1e5">
         <name>.debug_info</name>
         <load_address>0x3806</load_address>
         <run_address>0x3806</run_address>
         <size>0x117</size>
         <input_file_ref idref="fl-1b"/>
      </object_component>
      <object_component id="oc-1eb">
         <name>.debug_info</name>
         <load_address>0x391d</load_address>
         <run_address>0x391d</run_address>
         <size>0x117</size>
         <input_file_ref idref="fl-1b"/>
      </object_component>
      <object_component id="oc-1f1">
         <name>.debug_info</name>
         <load_address>0x3a34</load_address>
         <run_address>0x3a34</run_address>
         <size>0x117</size>
         <input_file_ref idref="fl-1b"/>
      </object_component>
      <object_component id="oc-1f7">
         <name>.debug_info</name>
         <load_address>0x3b4b</load_address>
         <run_address>0x3b4b</run_address>
         <size>0x11d</size>
         <input_file_ref idref="fl-1b"/>
      </object_component>
      <object_component id="oc-1fd">
         <name>.debug_info</name>
         <load_address>0x3c68</load_address>
         <run_address>0x3c68</run_address>
         <size>0x11d</size>
         <input_file_ref idref="fl-1b"/>
      </object_component>
      <object_component id="oc-203">
         <name>.debug_info</name>
         <load_address>0x3d85</load_address>
         <run_address>0x3d85</run_address>
         <size>0x11d</size>
         <input_file_ref idref="fl-1b"/>
      </object_component>
      <object_component id="oc-209">
         <name>.debug_info</name>
         <load_address>0x3ea2</load_address>
         <run_address>0x3ea2</run_address>
         <size>0x11d</size>
         <input_file_ref idref="fl-1b"/>
      </object_component>
      <object_component id="oc-20f">
         <name>.debug_info</name>
         <load_address>0x3fbf</load_address>
         <run_address>0x3fbf</run_address>
         <size>0x11d</size>
         <input_file_ref idref="fl-1b"/>
      </object_component>
      <object_component id="oc-215">
         <name>.debug_info</name>
         <load_address>0x40dc</load_address>
         <run_address>0x40dc</run_address>
         <size>0x11d</size>
         <input_file_ref idref="fl-1b"/>
      </object_component>
      <object_component id="oc-21b">
         <name>.debug_info</name>
         <load_address>0x41f9</load_address>
         <run_address>0x41f9</run_address>
         <size>0x11d</size>
[...]
         <value>0x86fc</value>
         <object_component_ref idref="oc-1d7"/>
      </symbol>
      <symbol id="sm-56e">
         <name>CLA1_7_ISR</name>
         <value>0x8576</value>
         <object_component_ref idref="oc-2c1"/>
      </symbol>
      <symbol id="sm-56f">
         <name>CLB1_ISR</name>
         <value>0x859e</value>
         <object_component_ref idref="oc-1dd"/>
      </symbol>
      <symbol id="sm-570">
         <name>EPWM4_TZ_ISR</name>
         <value>0x8698</value>
         <object_component_ref idref="oc-171"/>
      </symbol>
      <symbol id="sm-571">
         <name>FSITXA1_ISR</name>
         <value>0x8742</value>
         <object_component_ref idref="oc-33f"/>
      </symbol>
      <symbol id="sm-572">
         <name>EPWM3_TZ_ISR</name>
         <value>0x8684</value>
         <object_component_ref idref="oc-16b"/>
      </symbol>
      <symbol id="sm-573">
         <name>EPWM6_ISR</name>
         <value>0x86b6</value>
         <object_component_ref idref="oc-1ad"/>
      </symbol>
      <symbol id="sm-574">
         <name>RAM_ACC_VIOL_ISR</name>
         <value>0x8828</value>
         <object_component_ref idref="oc-3c9"/>
      </symbol>
      <symbol id="sm-575">
         <name>MCANA_ECC_ISR</name>
         <value>0x87e2</value>
         <object_component_ref idref="oc-38d"/>
      </symbol>
      <symbol id="sm-576">
         <name>ADCB_EVT_ISR</name>
         <value>0x84cc</value>
         <object_component_ref idref="oc-285"/>
      </symbol>
      <symbol id="sm-577">
         <name>EPWM8_ISR</name>
         <value>0x86de</value>
         <object_component_ref idref="oc-1b9"/>
      </symbol>
      <symbol id="sm-578">
         <name>EMU_ISR</name>
         <value>0x8648</value>
         <object_component_ref idref="oc-db"/>
      </symbol>
      <symbol id="sm-579">
         <name>USER11_ISR</name>
         <value>0x892c</value>
         <object_component_ref idref="oc-129"/>
      </symbol>
      <symbol id="sm-57a">
         <name>SDFM1DR2_ISR</name>
         <value>0x8878</value>
         <object_component_ref idref="oc-315"/>
      </symbol>
      <symbol id="sm-57b">
         <name>USER4_ISR</name>
         <value>0x895e</value>
         <object_component_ref idref="oc-ff"/>
      </symbol>
      <symbol id="sm-57c">
         <name>SDFM2_ISR</name>
         <value>0x88c8</value>
         <object_component_ref idref="oc-309"/>
      </symbol>
      <symbol id="sm-57d">
         <name>BGCRC_ISR</name>
         <value>0x851c</value>
         <object_component_ref idref="oc-399"/>
      </symbol>
      <symbol id="sm-57e">
         <name>SCIA_RX_ISR</name>
         <value>0x8846</value>
         <object_component_ref idref="oc-249"/>
      </symbol>
      <symbol id="sm-57f">
         <name>SCIA_TX_ISR</name>
         <value>0x8850</value>
         <object_component_ref idref="oc-24f"/>
      </symbol>
      <symbol id="sm-580">
         <name>CLB2_ISR</name>
         <value>0x85a8</value>
         <object_component_ref idref="oc-1e3"/>
      </symbol>
      <symbol id="sm-581">
         <name>ECAP1_ISR</name>
         <value>0x8620</value>
         <object_component_ref idref="oc-1bf"/>
      </symbol>
      <symbol id="sm-582">
         <name>ADCA4_ISR</name>
         <value>0x8490</value>
         <object_component_ref idref="oc-27f"/>
      </symbol>
      <symbol id="sm-583">
         <name>FPU_OVERFLOW_ISR</name>
         <value>0x871a</value>
         <object_component_ref idref="oc-2eb"/>
      </symbol>
      <symbol id="sm-584">
         <name>ADCC4_ISR</name>
         <value>0x84f4</value>
         <object_component_ref idref="oc-3b7"/>
      </symbol>
      <symbol id="sm-585">
         <name>ADCB4_ISR</name>
         <value>0x84c2</value>
         <object_component_ref idref="oc-297"/>
      </symbol>
      <symbol id="sm-586">
         <name>FSITXA2_ISR</name>
         <value>0x874c</value>
         <object_component_ref idref="oc-345"/>
      </symbol>
      <symbol id="sm-587">
         <name>EPWM7_ISR</name>
         <value>0x86ca</value>
         <object_component_ref idref="oc-1b3"/>
      </symbol>
      <symbol id="sm-588">
         <name>USER10_ISR</name>
         <value>0x8922</value>
         <object_component_ref idref="oc-123"/>
      </symbol>
      <symbol id="sm-589">
         <name>SDFM1DR3_ISR</name>
         <value>0x8882</value>
         <object_component_ref idref="oc-31b"/>
      </symbol>
      <symbol id="sm-58a">
         <name>XINT1_ISR</name>
         <value>0x89a4</value>
         <object_component_ref idref="oc-147"/>
      </symbol>
      <symbol id="sm-58b">
         <name>USER7_ISR</name>
         <value>0x897c</value>
         <object_component_ref idref="oc-111"/>
      </symbol>
      <symbol id="sm-58c">
         <name>CLA1_1_ISR</name>
         <value>0x853a</value>
         <object_component_ref idref="oc-29d"/>
      </symbol>
      <symbol id="sm-58d">
         <name>MCANA_WAKE_ISR</name>
         <value>0x87ec</value>
         <object_component_ref idref="oc-393"/>
      </symbol>
      <symbol id="sm-58e">
         <name>USER9_ISR</name>
         <value>0x8990</value>
         <object_component_ref idref="oc-11d"/>
      </symbol>
      <symbol id="sm-58f">
         <name>CLB3_ISR</name>
         <value>0x85b2</value>
         <object_component_ref idref="oc-1e9"/>
      </symbol>
      <symbol id="sm-590">
         <name>ECAP2_ISR</name>
         <value>0x862a</value>
         <object_component_ref idref="oc-1c5"/>
      </symbol>
      <symbol id="sm-591">
         <name>EPWM5_TZ_ISR</name>
         <value>0x86ac</value>
         <object_component_ref idref="oc-177"/>
      </symbol>
      <symbol id="sm-592">
         <name>I2CB_FIFO_ISR</name>
         <value>0x8774</value>
         <object_component_ref idref="oc-243"/>
      </symbol>
      <symbol id="sm-593">
         <name>SDFM2DR4_ISR</name>
         <value>0x88be</value>
         <object_component_ref idref="oc-339"/>
      </symbol>
      <symbol id="sm-594">
         <name>DMA_CH1_ISR</name>
         <value>0x85e4</value>
         <object_component_ref idref="oc-20d"/>
      </symbol>
      <symbol id="sm-595">
         <name>CLA1_8_ISR</name>
         <value>0x8580</value>
         <object_component_ref idref="oc-2c7"/>
      </symbol>
      <symbol id="sm-596">
         <name>USER6_ISR</name>
         <value>0x8972</value>
         <object_component_ref idref="oc-10b"/>
      </symbol>
      <symbol id="sm-597">
         <name>CLA1_2_ISR</name>
         <value>0x8544</value>
         <object_component_ref idref="oc-2a3"/>
      </symbol>
      <symbol id="sm-598">
         <name>USER8_ISR</name>
         <value>0x8986</value>
         <object_component_ref idref="oc-117"/>
      </symbol>
      <symbol id="sm-599">
         <name>CLB4_ISR</name>
         <value>0x85bc</value>
         <object_component_ref idref="oc-1ef"/>
      </symbol>
      <symbol id="sm-59a">
         <name>SPIB_RX_ISR</name>
         <value>0x88e6</value>
         <object_component_ref idref="oc-201"/>
      </symbol>
      <symbol id="sm-59b">
         <name>SPIB_TX_ISR</name>
         <value>0x88f0</value>
         <object_component_ref idref="oc-207"/>
      </symbol>
      <symbol id="sm-59c">
         <name>ECAP3_ISR</name>
         <value>0x863e</value>
         <object_component_ref idref="oc-1cb"/>
      </symbol>
      <symbol id="sm-59d">
         <name>EPWM1_ISR</name>
         <value>0x8652</value>
         <object_component_ref idref="oc-18f"/>
      </symbol>
      <symbol id="sm-59e">
         <name>DMA_CH2_ISR</name>
         <value>0x85ee</value>
         <object_component_ref idref="oc-213"/>
      </symbol>
      <symbol id="sm-59f">
         <name>USER12_ISR</name>
         <value>0x8936</value>
         <object_component_ref idref="oc-12f"/>
      </symbol>
      <symbol id="sm-5a0">
         <name>XINT3_ISR</name>
         <value>0x89b8</value>
         <object_component_ref idref="oc-2cd"/>
      </symbol>
      <symbol id="sm-5a1">
         <name>USER1_ISR</name>
         <value>0x8940</value>
         <object_component_ref idref="oc-ed"/>
      </symbol>
      <symbol id="sm-5a2">
         <name>CLA1_3_ISR</name>
         <value>0x854e</value>
         <object_component_ref idref="oc-2a9"/>
      </symbol>
      <symbol id="sm-5a3">
         <name>I2CA_ISR</name>
         <value>0x876a</value>
         <object_component_ref idref="oc-231"/>
      </symbol>
      <symbol id="sm-5a4">
         <name>HICA_ISR</name>
         <value>0x8756</value>
         <object_component_ref idref="oc-39f"/>
      </symbol>
      <symbol id="sm-5a5">
         <name>CANA0_ISR</name>
         <value>0x8526</value>
         <object_component_ref idref="oc-261"/>
      </symbol>
      <symbol id="sm-5a6">
         <name>LINB_0_ISR</name>
         <value>0x87ba</value>
         <object_component_ref idref="oc-369"/>
      </symbol>
      <symbol id="sm-5a7">
         <name>FSIRXA1_ISR</name>
         <value>0x872e</value>
         <object_component_ref idref="oc-34b"/>
      </symbol>
      <symbol id="sm-5a8">
         <name>EPWM1_TZ_ISR</name>
         <value>0x865c</value>
         <object_component_ref idref="oc-15f"/>
      </symbol>
      <symbol id="sm-5a9">
         <name>I2CA_FIFO_ISR</name>
         <value>0x8760</value>
         <object_component_ref idref="oc-237"/>
      </symbol>
      <symbol id="sm-5aa">
         <name>EPWM2_ISR</name>
         <value>0x8666</value>
         <object_component_ref idref="oc-195"/>
      </symbol>
      <symbol id="sm-5ab">
         <name>SDFM1DR4_ISR</name>
         <value>0x888c</value>
         <object_component_ref idref="oc-321"/>
      </symbol>
      <symbol id="sm-5ac">
         <name>DMA_CH3_ISR</name>
         <value>0x85f8</value>
         <object_component_ref idref="oc-219"/>
      </symbol>
      <symbol id="sm-5ad">
         <name>FMC_ISR</name>
         <value>0x8710</value>
         <object_component_ref idref="oc-2e5"/>
      </symbol>
      <symbol id="sm-5ae">
         <name>ADCC_EVT_ISR</name>
         <value>0x84fe</value>
         <object_component_ref idref="oc-3a5"/>
      </symbol>
      <symbol id="sm-5af">
         <name>DATALOG_ISR</name>
         <value>0x85c6</value>
         <object_component_ref idref="oc-cf"/>
      </symbol>
      <symbol id="sm-5b0">
         <name>XINT2_ISR</name>
         <value>0x89ae</value>
         <object_component_ref idref="oc-14d"/>
      </symbol>
      <symbol id="sm-5b1">
         <name>MCANA_0_ISR</name>
         <value>0x87ce</value>
         <object_component_ref idref="oc-381"/>
      </symbol>
      <symbol id="sm-5b2">
         <name>AES_SINTREQUEST_ISR</name>
         <value>0x8508</value>
         <object_component_ref idref="oc-3cf"/>
      </symbol>
      <symbol id="sm-5b3">
         <name>PIE_RESERVED_ISR</name>
         <value>0x8814</value>
         <object_component_ref idref="oc-3e7"/>
      </symbol>
      <symbol id="sm-5b4">
         <name>SCIB_RX_ISR</name>
         <value>0x885a</value>
         <object_component_ref idref="oc-255"/>
      </symbol>
      <symbol id="sm-5b5">
         <name>FLASH_CORR_ERR_ISR</name>
         <value>0x8706</value>
         <object_component_ref idref="oc-3c3"/>
      </symbol>
      <symbol id="sm-5b6">
         <name>SCIB_TX_ISR</name>
         <value>0x8864</value>
         <object_component_ref idref="oc-25b"/>
      </symbol>
      <symbol id="sm-5b7">
         <name>I2CB_ISR</name>
         <value>0x877e</value>
         <object_component_ref idref="oc-23d"/>
      </symbol>
      <symbol id="sm-5b8">
         <name>CANA1_ISR</name>
         <value>0x8530</value>
         <object_component_ref idref="oc-267"/>
      </symbol>
      <symbol id="sm-5b9">
         <name>LINB_1_ISR</name>
         <value>0x87c4</value>
         <object_component_ref idref="oc-36f"/>
      </symbol>
      <symbol id="sm-5ba">
         <name>FSIRXA2_ISR</name>
         <value>0x8738</value>
         <object_component_ref idref="oc-351"/>
      </symbol>
      <symbol id="sm-5bb">
         <name>ILLEGAL_ISR</name>
         <value>0x8788</value>
         <object_component_ref idref="oc-e7"/>
      </symbol>
      <symbol id="sm-5bc">
         <name>EPWM3_ISR</name>
         <value>0x867a</value>
         <object_component_ref idref="oc-19b"/>
      </symbol>
      <symbol id="sm-5bd">
         <name>TIMER0_ISR</name>
         <value>0x8904</value>
         <object_component_ref idref="oc-153"/>
      </symbol>
      <symbol id="sm-5be">
         <name>BGCRC_CLA1_ISR</name>
         <value>0x8512</value>
         <object_component_ref idref="oc-3d5"/>
      </symbol>
      <symbol id="sm-5bf">
         <name>USER3_ISR</name>
         <value>0x8954</value>
         <object_component_ref idref="oc-f9"/>
      </symbol>
      <symbol id="sm-5c0">
         <name>MCANA_1_ISR</name>
         <value>0x87d8</value>
         <object_component_ref idref="oc-387"/>
      </symbol>
      <symbol id="sm-5e1">
         <name>ClkCfgRegs</name>
         <value>0x5d200</value>
         <object_component_ref idref="oc-5a9"/>
      </symbol>
      <symbol id="sm-5e2">
         <name>Dcc0Regs</name>
         <value>0x5e700</value>
         <object_component_ref idref="oc-5e1"/>
      </symbol>
      <symbol id="sm-5e3">
         <name>CpuSysRegs</name>
         <value>0x5d300</value>
         <object_component_ref idref="oc-5cb"/>
      </symbol>
      <symbol id="sm-5e4">
         <name>Dcc1Regs</name>
         <value>0x5e740</value>
         <object_component_ref idref="oc-5e4"/>
      </symbol>
      <symbol id="sm-5e5">
         <name>WdRegs</name>
         <value>0x7000</value>
         <object_component_ref idref="oc-5a5"/>
      </symbol>
      <symbol id="sm-5f2">
         <name>PieVectTableInit</name>
         <value>0xa800</value>
         <object_component_ref idref="oc-c6"/>
      </symbol>
      <symbol id="sm-670">
         <name>ComputeCntrSeedValue</name>
         <value>0x820e</value>
         <object_component_ref idref="oc-5ec"/>
      </symbol>
      <symbol id="sm-671">
         <name>IsPLLValid</name>
         <value>0x80e6</value>
         <object_component_ref idref="oc-5c4"/>
      </symbol>
      <symbol id="sm-672">
         <name>InitPeripheralClocks</name>
         <value>0x8285</value>
         <object_component_ref idref="oc-598"/>
      </symbol>
      <symbol id="sm-673">
         <name>SysIntOsc1Sel</name>
         <value>0x89d6</value>
         <object_component_ref idref="oc-5ac"/>
      </symbol>
      <symbol id="sm-674">
         <name>SysXtalOscSel</name>
         <value>0x8380</value>
         <object_component_ref idref="oc-5b8"/>
      </symbol>
      <symbol id="sm-675">
         <name>SysXtalOscSESel</name>
         <value>0x8423</value>
         <object_component_ref idref="oc-5be"/>
      </symbol>
      <symbol id="sm-676">
         <name>InitSysCtrl</name>
         <value>0x8438</value>
         <object_component_ref idref="oc-574"/>
      </symbol>
      <symbol id="sm-677">
         <name>DisableDog</name>
         <value>0x844c</value>
         <object_component_ref idref="oc-58c"/>
      </symbol>
      <symbol id="sm-678">
         <name>InitSysPll</name>
         <value>0x8000</value>
         <object_component_ref idref="oc-592"/>
      </symbol>
      <symbol id="sm-679">
         <name>SysIntOsc2Sel</name>
         <value>0x89f8</value>
         <object_component_ref idref="oc-5b2"/>
      </symbol>
      <symbol id="sm-682">
         <name>F28x_usDelay</name>
         <value>0x128</value>
         <object_component_ref idref="oc-5f8"/>
      </symbol>
      <symbol id="sm-6b1">
         <name>Interrupt_defaultHandler</name>
         <value>0x840d</value>
         <object_component_ref idref="oc-3f9"/>
      </symbol>
      <symbol id="sm-6b2">
         <name>Interrupt_nmiHandler</name>
         <value>0x879c</value>
         <object_component_ref idref="oc-40b"/>
      </symbol>
      <symbol id="sm-6b3">
         <name>Interrupt_initVectorTable</name>
         <value>0x83a0</value>
         <object_component_ref idref="oc-3fa"/>
      </symbol>
      <symbol id="sm-6b4">
         <name>Interrupt_illegalOperationHandler</name>
         <value>0x8792</value>
         <object_component_ref idref="oc-405"/>
      </symbol>
      <symbol id="sm-6cb">
         <name>main</name>
         <value>0x89ff</value>
         <object_component_ref idref="oc-517"/>
      </symbol>
      <symbol id="sm-6d5">
         <name>_c_int00</name>
         <value>0x83f6</value>
         <object_component_ref idref="oc-b6"/>
      </symbol>
      <symbol id="sm-6d6">
         <name>__stack</name>
         <value>0x400</value>
         <object_component_ref idref="oc-411"/>
      </symbol>
      <symbol id="sm-6e3">
         <name>__c28xabi_divf</name>
         <value>0x8186</value>
         <object_component_ref idref="oc-5e7"/>
      </symbol>
      <symbol id="sm-6f2">
         <name>_system_pre_init</name>
         <value>0x8a06</value>
         <object_component_ref idref="oc-428"/>
      </symbol>
      <symbol id="sm-701">
         <name>__TI_auto_init_nobinit_nopinit</name>
         <value>0x832c</value>
         <object_component_ref idref="oc-4e7"/>
      </symbol>
      <symbol id="sm-70f">
         <name>__TI_decompress_none</name>
         <value>0x89e8</value>
         <object_component_ref idref="oc-af"/>
      </symbol>
      <symbol id="sm-723">
         <name>__TI_decompress_lzss</name>
         <value>0x82fc</value>
         <object_component_ref idref="oc-a9"/>
      </symbol>
      <symbol id="sm-739">
         <name>C$$EXIT</name>
         <value>0x8357</value>
         <object_component_ref idref="oc-435"/>
      </symbol>
      <symbol id="sm-73a">
         <name>abort</name>
         <value>0x8357</value>
         <object_component_ref idref="oc-435"/>
      </symbol>
      <symbol id="sm-73b">
         <name>exit</name>
         <value>0x8359</value>
         <object_component_ref idref="oc-435"/>
      </symbol>
      <symbol id="sm-73c">
         <name>__TI_dtors_ptr</name>
         <value>0xa9c4</value>
         <object_component_ref idref="oc-51f"/>
      </symbol>
      <symbol id="sm-73d">
         <name>__TI_cleanup_ptr</name>
         <value>0xa9c2</value>
         <object_component_ref idref="oc-51f"/>
      </symbol>
      <symbol id="sm-73e">
         <name>__TI_enable_exit_profile_output</name>
         <value>0xa9c0</value>
         <object_component_ref idref="oc-51f"/>
      </symbol>
      <symbol id="sm-755">
         <name>_nop</name>
         <value>0x89e7</value>
         <object_component_ref idref="oc-55e"/>
      </symbol>
      <symbol id="sm-756">
         <name>_lock</name>
         <value>0xa9c6</value>
         <object_component_ref idref="oc-522"/>
      </symbol>
      <symbol id="sm-757">
         <name>_unlock</name>
         <value>0xa9c8</value>
         <object_component_ref idref="oc-57f"/>
      </symbol>
      <symbol id="sm-758">
         <name>_register_lock</name>
         <value>0x89e3</value>
         <object_component_ref idref="oc-55e"/>
      </symbol>
      <symbol id="sm-759">
         <name>_register_unlock</name>
         <value>0x89df</value>
         <object_component_ref idref="oc-55e"/>
      </symbol>
      <symbol id="sm-768">
         <name>_args_main</name>
         <value>0x8466</value>
         <object_component_ref idref="oc-42f"/>
      </symbol>
      <symbol id="sm-77c">
         <name>memcpy</name>
         <value>0x83be</value>
         <object_component_ref idref="oc-414"/>
      </symbol>
      <symbol id="sm-789">
         <name>_system_post_cinit</name>
         <value>0x8a08</value>
         <object_component_ref idref="oc-53c"/>
      </symbol>
      <symbol id="sm-78b">
         <name>__c_args__</name>
         <value>0x0</value>
      </symbol>
   </symbol_table>
   <title>Link successful</title>
</link_info>
